Archive member included to satisfy reference by file (symbol)

c:/intelswtools/issm_2016.2.094/tools/compiler/gcc-ia/5.2.1/bin/../lib/gcc/i586-intel-elfiamcu/5.2.1/../../../../i586-intel-elfiamcu/lib\libc.a(lib_a-errno.o)
                              ./debug/quark_se/x86/obj/./newlib-syscalls.o (__errno)
c:/intelswtools/issm_2016.2.094/tools/compiler/gcc-ia/5.2.1/bin/../lib/gcc/i586-intel-elfiamcu/5.2.1/../../../../i586-intel-elfiamcu/lib\libc.a(lib_a-impure.o)
                              c:/intelswtools/issm_2016.2.094/tools/compiler/gcc-ia/5.2.1/bin/../lib/gcc/i586-intel-elfiamcu/5.2.1/../../../../i586-intel-elfiamcu/lib\libc.a(lib_a-errno.o) (_impure_ptr)
c:/intelswtools/issm_2016.2.094/tools/compiler/gcc-ia/5.2.1/bin/../lib/gcc/i586-intel-elfiamcu/5.2.1/../../../../i586-intel-elfiamcu/lib\libc.a(lib_a-memcpy.o)
                              ./debug/quark_se/x86/obj/./app_entry.o (memcpy)
c:/intelswtools/issm_2016.2.094/tools/compiler/gcc-ia/5.2.1/bin/../lib/gcc/i586-intel-elfiamcu/5.2.1/../../../../i586-intel-elfiamcu/lib\libc.a(lib_a-memset.o)
                              ./debug/quark_se/x86/obj/./hts221_handler.o (memset)
c:/intelswtools/issm_2016.2.094/tools/compiler/gcc-ia/5.2.1/bin/../lib/gcc/i586-intel-elfiamcu/5.2.1/../../../../i586-intel-elfiamcu/lib\libsoftfp.a(subsf3.o)
                              ./debug/quark_se/x86/obj/./hts221_handler.o (__subsf3)
c:/intelswtools/issm_2016.2.094/tools/compiler/gcc-ia/5.2.1/bin/../lib/gcc/i586-intel-elfiamcu/5.2.1/../../../../i586-intel-elfiamcu/lib\libsoftfp.a(mulsf3.o)
                              ./debug/quark_se/x86/obj/./hts221_handler.o (__mulsf3)
c:/intelswtools/issm_2016.2.094/tools/compiler/gcc-ia/5.2.1/bin/../lib/gcc/i586-intel-elfiamcu/5.2.1/../../../../i586-intel-elfiamcu/lib\libsoftfp.a(divsf3.o)
                              ./debug/quark_se/x86/obj/./hts221_handler.o (__divsf3)
c:/intelswtools/issm_2016.2.094/tools/compiler/gcc-ia/5.2.1/bin/../lib/gcc/i586-intel-elfiamcu/5.2.1/../../../../i586-intel-elfiamcu/lib\libsoftfp.a(adddf3.o)
                              ./debug/quark_se/x86/obj/./hts221_handler.o (__adddf3)
c:/intelswtools/issm_2016.2.094/tools/compiler/gcc-ia/5.2.1/bin/../lib/gcc/i586-intel-elfiamcu/5.2.1/../../../../i586-intel-elfiamcu/lib\libsoftfp.a(divdf3.o)
                              ./debug/quark_se/x86/obj/./hts221_handler.o (__divdf3)
c:/intelswtools/issm_2016.2.094/tools/compiler/gcc-ia/5.2.1/bin/../lib/gcc/i586-intel-elfiamcu/5.2.1/../../../../i586-intel-elfiamcu/lib\libsoftfp.a(fixsfsi.o)
                              ./debug/quark_se/x86/obj/./main.o (__fixsfsi)
c:/intelswtools/issm_2016.2.094/tools/compiler/gcc-ia/5.2.1/bin/../lib/gcc/i586-intel-elfiamcu/5.2.1/../../../../i586-intel-elfiamcu/lib\libsoftfp.a(fixdfsi.o)
                              ./debug/quark_se/x86/obj/./hts221_handler.o (__fixdfsi)
c:/intelswtools/issm_2016.2.094/tools/compiler/gcc-ia/5.2.1/bin/../lib/gcc/i586-intel-elfiamcu/5.2.1/../../../../i586-intel-elfiamcu/lib\libsoftfp.a(floatsisf.o)
                              ./debug/quark_se/x86/obj/./hts221_handler.o (__floatsisf)
c:/intelswtools/issm_2016.2.094/tools/compiler/gcc-ia/5.2.1/bin/../lib/gcc/i586-intel-elfiamcu/5.2.1/../../../../i586-intel-elfiamcu/lib\libsoftfp.a(floatunsisf.o)
                              ./debug/quark_se/x86/obj/./hts221_handler.o (__floatunsisf)
c:/intelswtools/issm_2016.2.094/tools/compiler/gcc-ia/5.2.1/bin/../lib/gcc/i586-intel-elfiamcu/5.2.1/../../../../i586-intel-elfiamcu/lib\libsoftfp.a(extendsfdf2.o)
                              ./debug/quark_se/x86/obj/./hts221_handler.o (__extendsfdf2)
c:/intelswtools/issm_2016.2.094/tools/compiler/gcc-ia/5.2.1/bin/../lib/gcc/i586-intel-elfiamcu/5.2.1/../../../../i586-intel-elfiamcu/lib\libsoftfp.a(truncdfsf2.o)
                              ./debug/quark_se/x86/obj/./hts221_handler.o (__truncdfsf2)
c:/intelswtools/issm_2016.2.094/tools/compiler/gcc-ia/5.2.1/bin/../lib/gcc/i586-intel-elfiamcu/5.2.1/../../../../i586-intel-elfiamcu/lib\libsoftfp.a(addsf3.o)
                              c:/intelswtools/issm_2016.2.094/tools/compiler/gcc-ia/5.2.1/bin/../lib/gcc/i586-intel-elfiamcu/5.2.1/../../../../i586-intel-elfiamcu/lib\libsoftfp.a(subsf3.o) (__addsf3)
./bsp/build/debug/quark_se/x86/libqmsi/lib\libqmsi_quark_se_1.4.0d.a(qm_flash.o)
                              ./bsp/soc/quark_se/debug/quark_se/x86/obj/clk.o (qm_flash)
./bsp/build/debug/quark_se/x86/libqmsi/lib\libqmsi_quark_se_1.4.0d.a(qm_gpio.o)
                              ./debug/quark_se/x86/obj/./lcd_handler.o (qm_gpio_set_config)
./bsp/build/debug/quark_se/x86/libqmsi/lib\libqmsi_quark_se_1.4.0d.a(qm_i2c.o)
                              ./debug/quark_se/x86/obj/./hts221_handler.o (qm_i2c_set_config)
./bsp/build/debug/quark_se/x86/libqmsi/lib\libqmsi_quark_se_1.4.0d.a(qm_interrupt.o)
                              ./debug/quark_se/x86/obj/./newlib-syscalls.o (qm_irq_disable)
./bsp/build/debug/quark_se/x86/libqmsi/lib\libqmsi_quark_se_1.4.0d.a(qm_mpr.o)
[...]
Memory Configuration

Name             Origin             Length             Attributes
flash0           0x40000000         0x00030000         r
flash1           0x40030000         0x00030000         r
x86_esram        0xa800a000         0x000099e0         rw
x86_stack        0xa80139e0         0x000003dc         rw
x86_esram_idt    0xa8013dbc         0x00000220         rw
esram_restore_info 0xa8013fdc         0x00000004         rw
esram_gdt        0xa8013fe0         0x00000020         rw
sensor_ivt       0xa8000000         0x00000110         rw
sensor_ivt_padding 0xa8000110         0x000002f0         rw
sensor_esram     0xa8000400         0x00009800         rw
sensor_stack     0xa8009c00         0x00000400         rw
sensor_flash     0x40000000         0x0002f000         r
bl_data          0x4002f000         0x00001000         r
x86_flash        0x40030000         0x00030000         r
*default*        0x00000000         0xffffffff

Linker script and memory map

                0xa8013dbc                __idt_start = ORIGIN (x86_esram_idt)
                0xa8013fdc                __idt_end = (__idt_start + LENGTH (x86_esram_idt))
                0xa8013fdc                __x86_restore_info = ORIGIN (esram_restore_info)
                0xa8013fe0                __x86_restore_info_end = (__x86_restore_info + LENGTH (esram_restore_info))
                0xa8013fe0                __gdt_start = ORIGIN (esram_gdt)
                0xa8014000                __gdt_end = (__gdt_start + LENGTH (esram_gdt))
                0x40000000                __sensor_flash_start = ORIGIN (sensor_flash)
                0x40030000                __x86_flash_start = ORIGIN (x86_flash)
                0x4002f000                __bl_data_start = ORIGIN (bl_data)
                0xa8000000                __sensor_reset_vector = ORIGIN (sensor_ivt)
                0xa8013dbc                __stack_start = (ORIGIN (x86_stack) + LENGTH (x86_stack))

.text           0x40030000     0x2cc6
 *(.text.entry)
 .text.entry    0x40030000       0x41 ./debug/quark_se/x86/obj/./app_entry.o
                0x40030000                _start
 *(.text)
 .text          0x40030041        0xc c:/intelswtools/issm_2016.2.094/tools/compiler/gcc-ia/5.2.1/bin/../lib/gcc/i586-intel-elfiamcu/5.2.1/../../../../i586-intel-elfiamcu/lib\libsoftfp.a(subsf3.o)
                0x40030041                __subsf3
 .text          0x4003004d      0x103 c:/intelswtools/issm_2016.2.094/tools/compiler/gcc-ia/5.2.1/bin/../lib/gcc/i586-intel-elfiamcu/5.2.1/../../../../i586-intel-elfiamcu/lib\libsoftfp.a(mulsf3.o)
                0x4003004d                __mulsf3
 .text          0x40030150       0xe5 c:/intelswtools/issm_2016.2.094/tools/compiler/gcc-ia/5.2.1/bin/../lib/gcc/i586-intel-elfiamcu/5.2.1/../../../../i586-intel-elfiamcu/lib\libsoftfp.a(divsf3.o)
                0x40030150                __divsf3
 .text          0x40030235      0x14c c:/intelswtools/issm_2016.2.094/tools/compiler/gcc-ia/5.2.1/bin/../lib/gcc/i586-intel-elfiamcu/5.2.1/../../../../i586-intel-elfiamcu/lib\libsoftfp.a(divdf3.o)
                0x40030235                __divdf3
 .text          0x40030381       0x51 c:/intelswtools/issm_2016.2.094/tools/compiler/gcc-ia/5.2.1/bin/../lib/gcc/i586-intel-elfiamcu/5.2.1/../../../../i586-intel-elfiamcu/lib\libsoftfp.a(fixsfsi.o)
                0x40030381                __fixsfsi
 .text          0x400303d2       0x5e c:/intelswtools/issm_2016.2.094/tools/compiler/gcc-ia/5.2.1/bin/../lib/gcc/i586-intel-elfiamcu/5.2.1/../../../../i586-intel-elfiamcu/lib\libsoftfp.a(fixdfsi.o)
                0x400303d2                __fixdfsi
 .text          0x40030430       0x53 c:/intelswtools/issm_2016.2.094/tools/compiler/gcc-ia/5.2.1/bin/../lib/gcc/i586-intel-elfiamcu/5.2.1/../../../../i586-intel-elfiamcu/lib\libsoftfp.a(floatsisf.o)
                0x40030430                __floatsisf
 .text          0x40030483       0x46 c:/intelswtools/issm_2016.2.094/tools/compiler/gcc-ia/5.2.1/bin/../lib/gcc/i586-intel-elfiamcu/5.2.1/../../../../i586-intel-elfiamcu/lib\libsoftfp.a(floatunsisf.o)
                0x40030483                __floatunsisf
 .text          0x400304c9       0x4a c:/intelswtools/issm_2016.2.094/tools/compiler/gcc-ia/5.2.1/bin/../lib/gcc/i586-intel-elfiamcu/5.2.1/../../../../i586-intel-elfiamcu/lib\libsoftfp.a(extendsfdf2.o)
                0x400304c9                __extendsfdf2
 .text          0x40030513       0x8f c:/intelswtools/issm_2016.2.094/tools/compiler/gcc-ia/5.2.1/bin/../lib/gcc/i586-intel-elfiamcu/5.2.1/../../../../i586-intel-elfiamcu/lib\libsoftfp.a(truncdfsf2.o)
                0x40030513                __truncdfsf2
 .text          0x400305a2      0x19e c:/intelswtools/issm_2016.2.094/tools/compiler/gcc-ia/5.2.1/bin/../lib/gcc/i586-intel-elfiamcu/5.2.1/../../../../i586-intel-elfiamcu/lib\libsoftfp.a(addsf3.o)
                0x400305a2                __addsf3
 *(.text.last)
 *(.text.*)
 .text.HTS221_Calibration
                0x40030740      0x10a ./debug/quark_se/x86/obj/./hts221_handler.o
 .text.HTS221_Init
                0x4003084a       0xe3 ./debug/quark_se/x86/obj/./hts221_handler.o
                0x4003084a                HTS221_Init
 .text.HTS221_Tempurature_Read
                0x4003092d      0x185 ./debug/quark_se/x86/obj/./hts221_handler.o
                0x4003092d                HTS221_Tempurature_Read
 .text.HTS221_Humidity_Read
                0x40030ab2      0x15e ./debug/quark_se/x86/obj/./hts221_handler.o
                0x40030ab2                HTS221_Humidity_Read
 .text.HTS221_Sensor_1byte_Write
                0x40030c10       0x4f ./debug/quark_se/x86/obj/./hts221_handler.o
                0x40030c10                HTS221_Sensor_1byte_Write
 .text.HTS221_Sensor_1byte_Read
                0x40030c5f       0x80 ./debug/quark_se/x86/obj/./hts221_handler.o
                0x40030c5f                HTS221_Sensor_1byte_Read
 .text.LcdCharacter
                0x40030cdf       0x71 ./debug/quark_se/x86/obj/./lcd_handler.o
                0x40030cdf                LcdCharacter
 .text.LCD_Clear
                0x40030d50       0x75 ./debug/quark_se/x86/obj/./lcd_handler.o
                0x40030d50                LCD_Clear
 .text.lcd_private_write
                0x40030dc5       0x69 ./debug/quark_se/x86/obj/./lcd_handler.o
                0x40030dc5                lcd_private_write
 .text.LCD_String
                0x40030e2e       0x41 ./debug/quark_se/x86/obj/./lcd_handler.o
                0x40030e2e                LCD_String
 .text.LCD_XY_Set
                0x40030e6f       0x43 ./debug/quark_se/x86/obj/./lcd_handler.o
                0x40030e6f                LCD_XY_Set
 .text.LCD_XY_Range_Clear
                0x40030eb2      0x127 ./debug/quark_se/x86/obj/./lcd_handler.o
                0x40030eb2                LCD_XY_Range_Clear
 .text.LCD_XY_Print
                0x40030fd9       0x59 ./debug/quark_se/x86/obj/./lcd_handler.o
                0x40030fd9                LCD_XY_Print
 .text.LCD_XY_Print_DecNumb
                0x40031032      0x137 ./debug/quark_se/x86/obj/./lcd_handler.o
                0x40031032                LCD_XY_Print_DecNumb
 .text.LCD_XY_Print_SymIdx
                0x40031169       0x8b ./debug/quark_se/x86/obj/./lcd_handler.o
                0x40031169                LCD_XY_Print_SymIdx
 .text.LCD_Init
                0x400311f4      0x17c ./debug/quark_se/x86/obj/./lcd_handler.o
                0x400311f4                LCD_Init
 .text.pin_mux_setup
                0x40031370       0x33 ./debug/quark_se/x86/obj/./main.o
 .text.uint2str
                0x400313a3      0x187 ./debug/quark_se/x86/obj/./main.o
                0x400313a3                uint2str
 .text.SensorData_Print
                0x4003152a      0x19e ./debug/quark_se/x86/obj/./main.o
                0x4003152a                SensorData_Print
 .text.lcd_update
                0x400316c8       0x37 ./debug/quark_se/x86/obj/./main.o
                0x400316c8                lcd_update
 .text.main     0x400316ff      0x1dc ./debug/quark_se/x86/obj/./main.o
                0x400316ff                main
 .text.stdout_uart_setup
                0x400318db       0x6a ./debug/quark_se/x86/obj/./newlib-syscalls.o
                0x400318db                stdout_uart_setup
 .text.puts     0x40031945       0x41 ./debug/quark_se/x86/obj/./newlib-syscalls.o
                0x40031945                puts
 .text.clk_periph_enable
                0x40031986       0x33 ./bsp/soc/quark_se/debug/quark_se/x86/obj/clk.o
                0x40031986                clk_periph_enable
 .text.clk_sys_get_ticks_per_us
                0x400319b9        0xa ./bsp/soc/quark_se/debug/quark_se/x86/obj/clk.o
                0x400319b9                clk_sys_get_ticks_per_us
 .text.clk_sys_udelay
                0x400319c3       0x42 ./bsp/soc/quark_se/debug/quark_se/x86/obj/clk.o
                0x400319c3                clk_sys_udelay
 .text.get_i2c_clk_freq_in_mhz
                0x40031a05       0x1f ./bsp/soc/quark_se/debug/quark_se/x86/obj/clk.o
                0x40031a05                get_i2c_clk_freq_in_mhz
 .text.memcpy   0x40031a24        0xb c:/intelswtools/issm_2016.2.094/tools/compiler/gcc-ia/5.2.1/bin/../lib/gcc/i586-intel-elfiamcu/5.2.1/../../../../i586-intel-elfiamcu/lib\libc.a(lib_a-memcpy.o)
                0x40031a24                memcpy
 .text.memset   0x40031a2f        0xe c:/intelswtools/issm_2016.2.094/tools/compiler/gcc-ia/5.2.1/bin/../lib/gcc/i586-intel-elfiamcu/5.2.1/../../../../i586-intel-elfiamcu/lib\libc.a(lib_a-memset.o)
                0x40031a2f                memset
 .text.__adddf3
                0x40031a3d      0x2aa c:/intelswtools/issm_2016.2.094/tools/compiler/gcc-ia/5.2.1/bin/../lib/gcc/i586-intel-elfiamcu/5.2.1/../../../../i586-intel-elfiamcu/lib\libsoftfp.a(adddf3.o)
                0x40031a3d                __adddf3
 .text.qm_gpio_set_config
                0x40031ce7       0xd4 ./bsp/build/debug/quark_se/x86/libqmsi/lib\libqmsi_quark_se_1.4.0d.a(qm_gpio.o)
                0x40031ce7                qm_gpio_set_config
 .text.qm_gpio_set_pin
                0x40031dbb       0x5f ./bsp/build/debug/quark_se/x86/libqmsi/lib\libqmsi_quark_se_1.4.0d.a(qm_gpio.o)
                0x40031dbb                qm_gpio_set_pin
 .text.qm_gpio_clear_pin
                0x40031e1a       0x61 ./bsp/build/debug/quark_se/x86/libqmsi/lib\libqmsi_quark_se_1.4.0d.a(qm_gpio.o)
                0x40031e1a                qm_gpio_clear_pin
 .text.get_lo_cnt
                0x40031e7b       0x21 ./bsp/build/debug/quark_se/x86/libqmsi/lib\libqmsi_quark_se_1.4.0d.a(qm_i2c.o)
 .text.get_hi_cnt
                0x40031e9c       0x38 ./bsp/build/debug/quark_se/x86/libqmsi/lib\libqmsi_quark_se_1.4.0d.a(qm_i2c.o)
 .text.qm_i2c_set_config
                0x40031ed4      0x252 ./bsp/build/debug/quark_se/x86/libqmsi/lib\libqmsi_quark_se_1.4.0d.a(qm_i2c.o)
                0x40031ed4                qm_i2c_set_config
 .text.qm_i2c_get_status
                0x40032126       0x75 ./bsp/build/debug/quark_se/x86/libqmsi/lib\libqmsi_quark_se_1.4.0d.a(qm_i2c.o)
                0x40032126                qm_i2c_get_status
 .text.qm_i2c_master_write
                0x4003219b      0x14d ./bsp/build/debug/quark_se/x86/libqmsi/lib\libqmsi_quark_se_1.4.0d.a(qm_i2c.o)
                0x4003219b                qm_i2c_master_write
 .text.qm_i2c_master_read
                0x400322e8      0x153 ./bsp/build/debug/quark_se/x86/libqmsi/lib\libqmsi_quark_se_1.4.0d.a(qm_i2c.o)
                0x400322e8                qm_i2c_master_read
 .text.controller_enable
                0x4003243b       0x51 ./bsp/build/debug/quark_se/x86/libqmsi/lib\libqmsi_quark_se_1.4.0d.a(qm_i2c.o)
 .text.controller_disable
                0x4003248c       0x65 ./bsp/build/debug/quark_se/x86/libqmsi/lib\libqmsi_quark_se_1.4.0d.a(qm_i2c.o)
 .text.pin_to_register
                0x400324f1       0x27 ./bsp/build/debug/quark_se/x86/libqmsi/lib\libqmsi_quark_se_1.4.0d.a(qm_pinmux.o)
 .text.pin_to_offset
                0x40032518       0x2d ./bsp/build/debug/quark_se/x86/libqmsi/lib\libqmsi_quark_se_1.4.0d.a(qm_pinmux.o)
 .text.qm_pmux_select
                0x40032545       0xb6 ./bsp/build/debug/quark_se/x86/libqmsi/lib\libqmsi_quark_se_1.4.0d.a(qm_pinmux.o)
                0x40032545                qm_pmux_select
 .text.qm_pmux_input_en
                0x400325fb       0x9b ./bsp/build/debug/quark_se/x86/libqmsi/lib\libqmsi_quark_se_1.4.0d.a(qm_pinmux.o)
                0x400325fb                qm_pmux_input_en
 .text.read_frame
                0x40032696       0x5d ./bsp/build/debug/quark_se/x86/libqmsi/lib\libqmsi_quark_se_1.4.0d.a(qm_spi.o)
 .text.write_frame
                0x400326f3       0x61 ./bsp/build/debug/quark_se/x86/libqmsi/lib\libqmsi_quark_se_1.4.0d.a(qm_spi.o)
 .text.wait_for_controller
                0x40032754       0x28 ./bsp/build/debug/quark_se/x86/libqmsi/lib\libqmsi_quark_se_1.4.0d.a(qm_spi.o)
 .text.qm_spi_set_config
                0x4003277c       0xe5 ./bsp/build/debug/quark_se/x86/libqmsi/lib\libqmsi_quark_se_1.4.0d.a(qm_spi.o)
                0x4003277c                qm_spi_set_config
 .text.qm_spi_slave_select
                0x40032861       0x51 ./bsp/build/debug/quark_se/x86/libqmsi/lib\libqmsi_quark_se_1.4.0d.a(qm_spi.o)
                0x40032861                qm_spi_slave_select
 .text.qm_spi_transfer
                0x400328b2      0x25e ./bsp/build/debug/quark_se/x86/libqmsi/lib\libqmsi_quark_se_1.4.0d.a(qm_spi.o)
                0x400328b2                qm_spi_transfer
 .text.qm_uart_set_config
                0x40032b10       0xe4 ./bsp/build/debug/quark_se/x86/libqmsi/lib\libqmsi_quark_se_1.4.0d.a(qm_uart.o)
                0x40032b10                qm_uart_set_config
 .text.qm_uart_write
                0x40032bf4       0x54 ./bsp/build/debug/quark_se/x86/libqmsi/lib\libqmsi_quark_se_1.4.0d.a(qm_uart.o)
                0x40032bf4                qm_uart_write
 .text.qm_uart_write_buffer
                0x40032c48       0x7e ./bsp/build/debug/quark_se/x86/libqmsi/lib\libqmsi_quark_se_1.4.0d.a(qm_uart.o)
                0x40032c48                qm_uart_write_buffer

.iplt           0x40032cd0        0x0
 .iplt          0x40032cd0        0x0 ./debug/quark_se/x86/obj/./hts221_handler.o

.rodata         0x40032ce0      0x27c
 *(.rdata*)
 *(.rodata*)
 .rodata        0x40032ce0        0x4 ./debug/quark_se/x86/obj/./hts221_handler.o
 *fill*         0x40032ce4       0x1c 
 .rodata.ASCII  0x40032d00      0x249 ./debug/quark_se/x86/obj/./lcd_handler.o
                0x40032d00                ASCII
 .rodata        0x40032f49        0xd ./debug/quark_se/x86/obj/./main.o
 *fill*         0x40032f56        0x2 
 .rodata.tx_dummy_frame
                0x40032f58        0x4 ./bsp/build/debug/quark_se/x86/libqmsi/lib\libqmsi_quark_se_1.4.0d.a(qm_spi.o)

.rel.dyn        0x40032f5c        0x0
 .rel.iplt      0x40032f5c        0x0 ./debug/quark_se/x86/obj/./hts221_handler.o
 .rel.text.HTS221_Calibration
                0x40032f5c        0x0 ./debug/quark_se/x86/obj/./hts221_handler.o
 .rel.text.HTS221_Init
                0x40032f5c        0x0 ./debug/quark_se/x86/obj/./hts221_handler.o
 .rel.text.HTS221_Tempurature_Read
                0x40032f5c        0x0 ./debug/quark_se/x86/obj/./hts221_handler.o
 .rel.text.HTS221_Humidity_Read
                0x40032f5c        0x0 ./debug/quark_se/x86/obj/./hts221_handler.o
 .rel.text.HTS221_Sensor_1byte_Write
                0x40032f5c        0x0 ./debug/quark_se/x86/obj/./hts221_handler.o
 .rel.text.HTS221_Sensor_1byte_Read
                0x40032f5c        0x0 ./debug/quark_se/x86/obj/./hts221_handler.o
 .rel.text.lcd_private_write
                0x40032f5c        0x0 ./debug/quark_se/x86/obj/./hts221_handler.o
 .rel.text.LCD_XY_Range_Clear
                0x40032f5c        0x0 ./debug/quark_se/x86/obj/./hts221_handler.o
 .rel.text.LCD_Init
                0x40032f5c        0x0 ./debug/quark_se/x86/obj/./hts221_handler.o
 .rel.text.pin_mux_setup
                0x40032f5c        0x0 ./debug/quark_se/x86/obj/./hts221_handler.o
 .rel.text.main
                0x40032f5c        0x0 ./debug/quark_se/x86/obj/./hts221_handler.o
 .rel.text.entry
                0x40032f5c        0x0 ./debug/quark_se/x86/obj/./hts221_handler.o
 .rel.text.pico_putchar
                0x40032f5c        0x0 ./debug/quark_se/x86/obj/./hts221_handler.o
 .rel.text.stdout_uart_setup
                0x40032f5c        0x0 ./debug/quark_se/x86/obj/./hts221_handler.o
 .rel.text.puts
                0x40032f5c        0x0 ./debug/quark_se/x86/obj/./hts221_handler.o
 .rel.text.__assert_func
                0x40032f5c        0x0 ./debug/quark_se/x86/obj/./hts221_handler.o
 .rel.text.close
                0x40032f5c        0x0 ./debug/quark_se/x86/obj/./hts221_handler.o
 .rel.text.isatty
                0x40032f5c        0x0 ./debug/quark_se/x86/obj/./hts221_handler.o
 .rel.text.read
                0x40032f5c        0x0 ./debug/quark_se/x86/obj/./hts221_handler.o
 .rel.text.write
                0x40032f5c        0x0 ./debug/quark_se/x86/obj/./hts221_handler.o
 .rel.text.lseek
                0x40032f5c        0x0 ./debug/quark_se/x86/obj/./hts221_handler.o
 .rel.text.fstat
                0x40032f5c        0x0 ./debug/quark_se/x86/obj/./hts221_handler.o
 .rel.text.sbrk
                0x40032f5c        0x0 ./debug/quark_se/x86/obj/./hts221_handler.o
 .rel.data.prog_break.3636
                0x40032f5c        0x0 ./debug/quark_se/x86/obj/./hts221_handler.o
 .rel.text.apply_flash_timings
                0x40032f5c        0x0 ./debug/quark_se/x86/obj/./hts221_handler.o
 .rel.text.qm_power_soc_deep_sleep
                0x40032f5c        0x0 ./debug/quark_se/x86/obj/./hts221_handler.o
 .rel.text.qm_power_soc_sleep_restore
                0x40032f5c        0x0 ./debug/quark_se/x86/obj/./hts221_handler.o
 .rel.text.qm_power_soc_deep_sleep_restore
                0x40032f5c        0x0 ./debug/quark_se/x86/obj/./hts221_handler.o
 .rel.text.qm_power_sleep_wait
                0x40032f5c        0x0 ./debug/quark_se/x86/obj/./hts221_handler.o
 .rel.text.sensor_vectors_protect
                0x40032f5c        0x0 ./debug/quark_se/x86/obj/./hts221_handler.o
 .rel.text.sensor_activation
                0x40032f5c        0x0 ./debug/quark_se/x86/obj/./hts221_handler.o
 .rel.text.transmit_data
                0x40032f5c        0x0 ./debug/quark_se/x86/obj/./hts221_handler.o
 .rel.text.handle_setup_packet
                0x40032f5c        0x0 ./debug/quark_se/x86/obj/./hts221_handler.o
 .rel.text.handle_out_control_transfer
                0x40032f5c        0x0 ./debug/quark_se/x86/obj/./hts221_handler.o
 .rel.text.set_config
                0x40032f5c        0x0 ./debug/quark_se/x86/obj/./hts221_handler.o
 .rel.text.handle_std_device_req
                0x40032f5c        0x0 ./debug/quark_se/x86/obj/./hts221_handler.o
 .rel.text.handle_std_endpoint_req
                0x40032f5c        0x0 ./debug/quark_se/x86/obj/./hts221_handler.o
 .rel.text.usb_enable
                0x40032f5c        0x0 ./debug/quark_se/x86/obj/./hts221_handler.o
 .rel.text.usb_disable
                0x40032f5c        0x0 ./debug/quark_se/x86/obj/./hts221_handler.o
 .rel.text.__errno
                0x40032f5c        0x0 ./debug/quark_se/x86/obj/./hts221_handler.o
 .rel.text      0x40032f5c        0x0 ./debug/quark_se/x86/obj/./hts221_handler.o
 .rel.text.handle_dma_tx_abrt
                0x40032f5c        0x0 ./debug/quark_se/x86/obj/./hts221_handler.o
 .rel.text.qm_i2c_set_config
                0x40032f5c        0x0 ./debug/quark_se/x86/obj/./hts221_handler.o
 .rel.text.qm_i2c_dma_transfer_terminate
                0x40032f5c        0x0 ./debug/quark_se/x86/obj/./hts221_handler.o
 .rel.text.i2c_dma_transfer_error_callback
                0x40032f5c        0x0 ./debug/quark_se/x86/obj/./hts221_handler.o
 .rel.text.i2c_dma_transmit_callback
                0x40032f5c        0x0 ./debug/quark_se/x86/obj/./hts221_handler.o
 .rel.text.i2c_dma_receive_callback
                0x40032f5c        0x0 ./debug/quark_se/x86/obj/./hts221_handler.o
 .rel.text.i2c_start_dma_read
                0x40032f5c        0x0 ./debug/quark_se/x86/obj/./hts221_handler.o
 .rel.text.qm_i2c_dma_channel_config
                0x40032f5c        0x0 ./debug/quark_se/x86/obj/./hts221_handler.o
 .rel.text.qm_i2c_master_dma_transfer
                0x40032f5c        0x0 ./debug/quark_se/x86/obj/./hts221_handler.o
 .rel.text.idt_set_intr_gate_desc
                0x40032f5c        0x0 ./debug/quark_se/x86/obj/./hts221_handler.o
 .rel.text.qm_spi_dma_channel_config
                0x40032f5c        0x0 ./debug/quark_se/x86/obj/./hts221_handler.o
 .rel.text.qm_spi_dma_transfer
                0x40032f5c        0x0 ./debug/quark_se/x86/obj/./hts221_handler.o
 .rel.text.qm_spi_dma_transfer_terminate
                0x40032f5c        0x0 ./debug/quark_se/x86/obj/./hts221_handler.o
 .rel.text.qm_uart_dma_channel_config
                0x40032f5c        0x0 ./debug/quark_se/x86/obj/./hts221_handler.o
 .rel.text.qm_uart_dma_write
                0x40032f5c        0x0 ./debug/quark_se/x86/obj/./hts221_handler.o
 .rel.text.qm_uart_dma_read
                0x40032f5c        0x0 ./debug/quark_se/x86/obj/./hts221_handler.o
 .rel.text.qm_uart_dma_write_terminate
                0x40032f5c        0x0 ./debug/quark_se/x86/obj/./hts221_handler.o
 .rel.text.qm_uart_dma_read_terminate
                0x40032f5c        0x0 ./debug/quark_se/x86/obj/./hts221_handler.o

.data           0xa800a000       0x2c load address 0x40032f5c
 *(.data*)
 .data.linefeed
                0xa800a000        0x1 ./debug/quark_se/x86/obj/./main.o
                0xa800a000                linefeed
 *fill*         0xa800a001        0x3 
 .data.ticks_per_us
                0xa800a004        0x4 ./bsp/soc/quark_se/debug/quark_se/x86/obj/clk.o
 .data.qm_gpio  0xa800a008        0x8 ./bsp/build/debug/quark_se/x86/libqmsi/lib\libqmsi_quark_se_1.4.0d.a(qm_gpio.o)
                0xa800a008                qm_gpio
 .data.qm_i2c   0xa800a010        0x8 ./bsp/build/debug/quark_se/x86/libqmsi/lib\libqmsi_quark_se_1.4.0d.a(qm_i2c.o)
                0xa800a010                qm_i2c
 .data.qm_spi_controllers
                0xa800a018        0xc ./bsp/build/debug/quark_se/x86/libqmsi/lib\libqmsi_quark_se_1.4.0d.a(qm_spi.o)
                0xa800a018                qm_spi_controllers
 .data.qm_uart  0xa800a024        0x8 ./bsp/build/debug/quark_se/x86/libqmsi/lib\libqmsi_quark_se_1.4.0d.a(qm_uart.o)
                0xa800a024                qm_uart

.igot.plt       0xa800a02c        0x0 load address 0x40032f88
 .igot.plt      0xa800a02c        0x0 ./debug/quark_se/x86/obj/./hts221_handler.o

.bss            0xa800a040      0x160
 *(.bss*)
 .bss.temperatureCount
                0xa800a040        0x2 ./debug/quark_se/x86/obj/./hts221_handler.o
                0xa800a040                temperatureCount
 .bss.humidityCount
                0xa800a042        0x2 ./debug/quark_se/x86/obj/./hts221_handler.o
                0xa800a042                humidityCount
 .bss.re_print_s1
                0xa800a044        0x4 ./debug/quark_se/x86/obj/./main.o
                0xa800a044                re_print_s1
 .bss.re_print_s2
                0xa800a048        0x4 ./debug/quark_se/x86/obj/./main.o
                0xa800a048                re_print_s2
 .bss.re_print_s3
                0xa800a04c        0x4 ./debug/quark_se/x86/obj/./main.o
                0xa800a04c                re_print_s3
 .bss.re_print_s4
                0xa800a050        0x4 ./debug/quark_se/x86/obj/./main.o
                0xa800a050                re_print_s4
 .bss.re_print_s5
                0xa800a054        0x4 ./debug/quark_se/x86/obj/./main.o
                0xa800a054                re_print_s5
 .bss.temp      0xa800a058        0x4 ./debug/quark_se/x86/obj/./main.o
                0xa800a058                temp
 .bss.humid     0xa800a05c        0x4 ./debug/quark_se/x86/obj/./main.o
                0xa800a05c                humid
 .bss.stdout_uart_cfg
                0xa800a060        0xc ./debug/quark_se/x86/obj/./newlib-syscalls.o
 .bss.callback  0xa800a06c        0x8 ./bsp/build/debug/quark_se/x86/libqmsi/lib\libqmsi_quark_se_1.4.0d.a(qm_gpio.o)
 .bss.callback_data
                0xa800a074        0x8 ./bsp/build/debug/quark_se/x86/libqmsi/lib\libqmsi_quark_se_1.4.0d.a(qm_gpio.o)
 .bss.dfs       0xa800a07c        0x3 ./bsp/build/debug/quark_se/x86/libqmsi/lib\libqmsi_quark_se_1.4.0d.a(qm_spi.o)
 *fill*         0xa800a07f        0x1 
 .bss.tmode     0xa800a080        0xc ./bsp/build/debug/quark_se/x86/libqmsi/lib\libqmsi_quark_se_1.4.0d.a(qm_spi.o)
 .bss.frf       0xa800a08c        0xc ./bsp/build/debug/quark_se/x86/libqmsi/lib\libqmsi_quark_se_1.4.0d.a(qm_spi.o)
 *(COMMON)
 COMMON         0xa800a098       0x1a ./debug/quark_se/x86/obj/./hts221_handler.o
                0xa800a098                T1_msb
                0xa800a09c                HTS221_humidity
                0xa800a0a0                T1_degC_x8
                0xa800a0a1                T0_degC_x8
                0xa800a0a2                T0_OUT
                0xa800a0a4                HTS221_temperature
                0xa800a0a8                T0_msb
                0xa800a0aa                T1_OUT
                0xa800a0ac                H1_rH_x2
                0xa800a0ad                H0_rH_x2
                0xa800a0ae                H1_T0_OUT
                0xa800a0b0                H0_T0_OUT
 *fill*         0xa800a0b2        0xe 
 COMMON         0xa800a0c0       0x44 ./debug/quark_se/x86/obj/./lcd_handler.o
                0xa800a0c0                polled_xfer_desc
                0xa800a0cc                cfg
                0xa800a0e0                LCD_gpioA_cfg
                0xa800a100                status
 *fill*         0xa800a104       0x1c 
 COMMON         0xa800a120       0x80 ./bsp/build/debug/quark_se/x86/libqmsi/lib\libqmsi_quark_se_1.4.0d.a(qm_i2c.o)
                0xa800a120                i2c_dma_context
                0x40032f5c                __data_lma = LOADADDR (.data)
                0xa800a000                __data_vma = ADDR (.data)
                0x0000002c                __data_size = SIZEOF (.data)
                0xa800a040                __bss_start = ADDR (.bss)
                0x00000160                __bss_size = SIZEOF (.bss)
                0xa800a1a0                __heap = .
                0xa80139e0                __heap_end = ORIGIN (x86_stack)

.comment        0x00000000       0x6e
 *(.comment)
 .comment       0x00000000       0x6e ./debug/quark_se/x86/obj/./hts221_handler.o
                                 0x6f (size before relaxing)
 .comment       0x0000006e       0x6f ./debug/quark_se/x86/obj/./lcd_handler.o
 .comment       0x0000006e       0x6f ./debug/quark_se/x86/obj/./main.o
 .comment       0x0000006e       0x6f ./debug/quark_se/x86/obj/./app_entry.o
 .comment       0x0000006e       0x6f ./debug/quark_se/x86/obj/./newlib-syscalls.o
 .comment       0x0000006e       0x6f ./bsp/soc/quark_se/debug/quark_se/x86/obj/clk.o
 .comment       0x0000006e       0x6f c:/intelswtools/issm_2016.2.094/tools/compiler/gcc-ia/5.2.1/bin/../lib/gcc/i586-intel-elfiamcu/5.2.1/../../../../i586-intel-elfiamcu/lib\libsoftfp.a(adddf3.o)
 .comment       0x0000006e       0x6f ./bsp/build/debug/quark_se/x86/libqmsi/lib\libqmsi_quark_se_1.4.0d.a(qm_gpio.o)
 .comment       0x0000006e       0x6f ./bsp/build/debug/quark_se/x86/libqmsi/lib\libqmsi_quark_se_1.4.0d.a(qm_i2c.o)
 .comment       0x0000006e       0x6f ./bsp/build/debug/quark_se/x86/libqmsi/lib\libqmsi_quark_se_1.4.0d.a(qm_pinmux.o)
 .comment       0x0000006e       0x6f ./bsp/build/debug/quark_se/x86/libqmsi/lib\libqmsi_quark_se_1.4.0d.a(qm_spi.o)
 .comment       0x0000006e       0x6f ./bsp/build/debug/quark_se/x86/libqmsi/lib\libqmsi_quark_se_1.4.0d.a(qm_uart.o)
LOAD ./debug/quark_se/x86/obj/./hts221_handler.o
LOAD ./debug/quark_se/x86/obj/./lcd_handler.o
LOAD ./debug/quark_se/x86/obj/./main.o
LOAD ./debug/quark_se/x86/obj/./app_entry.o
LOAD ./debug/quark_se/x86/obj/./newlib-syscalls.o
LOAD ./bsp/soc/quark_se/debug/quark_se/x86/obj/clk.o
LOAD ./bsp/soc/quark_se/debug/quark_se/x86/obj/power_states.o
LOAD ./bsp/soc/quark_se/debug/quark_se/x86/obj/qm_interrupt_router.o
LOAD ./bsp/soc/quark_se/debug/quark_se/x86/obj/ss_init.o
LOAD ./bsp/soc/quark_se/debug/quark_se/x86/obj/vreg.o
LOAD ./debug/quark_se/x86/obj/usb_device.o
START GROUP
LOAD c:/intelswtools/issm_2016.2.094/tools/compiler/gcc-ia/5.2.1/bin/../lib/gcc/i586-intel-elfiamcu/5.2.1/../../../../i586-intel-elfiamcu/lib\libc.a
LOAD c:/intelswtools/issm_2016.2.094/tools/compiler/gcc-ia/5.2.1/bin/../lib/gcc/i586-intel-elfiamcu/5.2.1/../../../../i586-intel-elfiamcu/lib\libnosys.a
LOAD c:/intelswtools/issm_2016.2.094/tools/compiler/gcc-ia/5.2.1/bin/../lib/gcc/i586-intel-elfiamcu/5.2.1/../../../../i586-intel-elfiamcu/lib\libsoftfp.a
LOAD c:/intelswtools/issm_2016.2.094/tools/compiler/gcc-ia/5.2.1/bin/../lib/gcc/i586-intel-elfiamcu/5.2.1\libgcc.a
LOAD ./bsp/build/debug/quark_se/x86/libqmsi/lib\libqmsi_quark_se_1.4.0d.a
END GROUP
OUTPUT(./debug/quark_se/x86/obj/Hello_World_LCD.elf elf32-iamcu)

.note.GNU-stack
                0x00000000        0x0
 .note.GNU-stack
                0x00000000        0x0 c:/intelswtools/issm_2016.2.094/tools/compiler/gcc-ia/5.2.1/bin/../lib/gcc/i586-intel-elfiamcu/5.2.1/../../../../i586-intel-elfiamcu/lib\libsoftfp.a(subsf3.o)
 .note.GNU-stack
                0x00000000        0x0 c:/intelswtools/issm_2016.2.094/tools/compiler/gcc-ia/5.2.1/bin/../lib/gcc/i586-intel-elfiamcu/5.2.1/../../../../i586-intel-elfiamcu/lib\libsoftfp.a(mulsf3.o)
 .note.GNU-stack
                0x00000000        0x0 c:/intelswtools/issm_2016.2.094/tools/compiler/gcc-ia/5.2.1/bin/../lib/gcc/i586-intel-elfiamcu/5.2.1/../../../../i586-intel-elfiamcu/lib\libsoftfp.a(divsf3.o)
 .note.GNU-stack
                0x00000000        0x0 c:/intelswtools/issm_2016.2.094/tools/compiler/gcc-ia/5.2.1/bin/../lib/gcc/i586-intel-elfiamcu/5.2.1/../../../../i586-intel-elfiamcu/lib\libsoftfp.a(divdf3.o)
 .note.GNU-stack
                0x00000000        0x0 c:/intelswtools/issm_2016.2.094/tools/compiler/gcc-ia/5.2.1/bin/../lib/gcc/i586-intel-elfiamcu/5.2.1/../../../../i586-intel-elfiamcu/lib\libsoftfp.a(fixsfsi.o)
 .note.GNU-stack
                0x00000000        0x0 c:/intelswtools/issm_2016.2.094/tools/compiler/gcc-ia/5.2.1/bin/../lib/gcc/i586-intel-elfiamcu/5.2.1/../../../../i586-intel-elfiamcu/lib\libsoftfp.a(fixdfsi.o)
 .note.GNU-stack
                0x00000000        0x0 c:/intelswtools/issm_2016.2.094/tools/compiler/gcc-ia/5.2.1/bin/../lib/gcc/i586-intel-elfiamcu/5.2.1/../../../../i586-intel-elfiamcu/lib\libsoftfp.a(floatsisf.o)
 .note.GNU-stack
                0x00000000        0x0 c:/intelswtools/issm_2016.2.094/tools/compiler/gcc-ia/5.2.1/bin/../lib/gcc/i586-intel-elfiamcu/5.2.1/../../../../i586-intel-elfiamcu/lib\libsoftfp.a(floatunsisf.o)
 .note.GNU-stack
                0x00000000        0x0 c:/intelswtools/issm_2016.2.094/tools/compiler/gcc-ia/5.2.1/bin/../lib/gcc/i586-intel-elfiamcu/5.2.1/../../../../i586-intel-elfiamcu/lib\libsoftfp.a(extendsfdf2.o)
 .note.GNU-stack
                0x00000000        0x0 c:/intelswtools/issm_2016.2.094/tools/compiler/gcc-ia/5.2.1/bin/../lib/gcc/i586-intel-elfiamcu/5.2.1/../../../../i586-intel-elfiamcu/lib\libsoftfp.a(truncdfsf2.o)
 .note.GNU-stack
                0x00000000        0x0 c:/intelswtools/issm_2016.2.094/tools/compiler/gcc-ia/5.2.1/bin/../lib/gcc/i586-intel-elfiamcu/5.2.1/../../../../i586-intel-elfiamcu/lib\libsoftfp.a(addsf3.o)

.debug_info     0x00000000     0x93cb
 .debug_info    0x00000000      0x9de ./debug/quark_se/x86/obj/./hts221_handler.o
 .debug_info    0x000009de      0xd9c ./debug/quark_se/x86/obj/./lcd_handler.o
 .debug_info    0x0000177a      0x89c ./debug/quark_se/x86/obj/./main.o
 .debug_info    0x00002016      0x131 ./debug/quark_se/x86/obj/./app_entry.o
 .debug_info    0x00002147      0xda0 ./debug/quark_se/x86/obj/./newlib-syscalls.o
 .debug_info    0x00002ee7      0xaf3 ./bsp/soc/quark_se/debug/quark_se/x86/obj/clk.o
 .debug_info    0x000039da      0xb4f ./bsp/build/debug/quark_se/x86/libqmsi/lib\libqmsi_quark_se_1.4.0d.a(qm_gpio.o)
 .debug_info    0x00004529     0x1bb6 ./bsp/build/debug/quark_se/x86/libqmsi/lib\libqmsi_quark_se_1.4.0d.a(qm_i2c.o)
 .debug_info    0x000060df      0x55e ./bsp/build/debug/quark_se/x86/libqmsi/lib\libqmsi_quark_se_1.4.0d.a(qm_pinmux.o)
 .debug_info    0x0000663d     0x1830 ./bsp/build/debug/quark_se/x86/libqmsi/lib\libqmsi_quark_se_1.4.0d.a(qm_spi.o)
 .debug_info    0x00007e6d     0x155e ./bsp/build/debug/quark_se/x86/libqmsi/lib\libqmsi_quark_se_1.4.0d.a(qm_uart.o)

.debug_abbrev   0x00000000     0x145b
 .debug_abbrev  0x00000000      0x11d ./debug/quark_se/x86/obj/./hts221_handler.o
 .debug_abbrev  0x0000011d      0x1c1 ./debug/quark_se/x86/obj/./lcd_handler.o
 .debug_abbrev  0x000002de      0x161 ./debug/quark_se/x86/obj/./main.o
 .debug_abbrev  0x0000043f       0x73 ./debug/quark_se/x86/obj/./app_entry.o
 .debug_abbrev  0x000004b2      0x23d ./debug/quark_se/x86/obj/./newlib-syscalls.o
 .debug_abbrev  0x000006ef      0x27b ./bsp/soc/quark_se/debug/quark_se/x86/obj/clk.o
 .debug_abbrev  0x0000096a      0x1d0 ./bsp/build/debug/quark_se/x86/libqmsi/lib\libqmsi_quark_se_1.4.0d.a(qm_gpio.o)
 .debug_abbrev  0x00000b3a      0x2d9 ./bsp/build/debug/quark_se/x86/libqmsi/lib\libqmsi_quark_se_1.4.0d.a(qm_i2c.o)
 .debug_abbrev  0x00000e13      0x124 ./bsp/build/debug/quark_se/x86/libqmsi/lib\libqmsi_quark_se_1.4.0d.a(qm_pinmux.o)
 .debug_abbrev  0x00000f37      0x27b ./bsp/build/debug/quark_se/x86/libqmsi/lib\libqmsi_quark_se_1.4.0d.a(qm_spi.o)
 .debug_abbrev  0x000011b2      0x2a9 ./bsp/build/debug/quark_se/x86/libqmsi/lib\libqmsi_quark_se_1.4.0d.a(qm_uart.o)

.debug_aranges  0x00000000      0x608
 .debug_aranges
                0x00000000       0x48 ./debug/quark_se/x86/obj/./hts221_handler.o
 .debug_aranges
                0x00000048       0x68 ./debug/quark_se/x86/obj/./lcd_handler.o
 .debug_aranges
                0x000000b0       0x40 ./debug/quark_se/x86/obj/./main.o
 .debug_aranges
                0x000000f0       0x20 ./debug/quark_se/x86/obj/./app_entry.o
 .debug_aranges
                0x00000110       0x90 ./debug/quark_se/x86/obj/./newlib-syscalls.o
 .debug_aranges
                0x000001a0       0xa8 ./bsp/soc/quark_se/debug/quark_se/x86/obj/clk.o
 .debug_aranges
                0x00000248       0x78 ./bsp/build/debug/quark_se/x86/libqmsi/lib\libqmsi_quark_se_1.4.0d.a(qm_gpio.o)
 .debug_aranges
                0x000002c0      0x138 ./bsp/build/debug/quark_se/x86/libqmsi/lib\libqmsi_quark_se_1.4.0d.a(qm_i2c.o)
 .debug_aranges
                0x000003f8       0x48 ./bsp/build/debug/quark_se/x86/libqmsi/lib\libqmsi_quark_se_1.4.0d.a(qm_pinmux.o)
 .debug_aranges
                0x00000440       0xe8 ./bsp/build/debug/quark_se/x86/libqmsi/lib\libqmsi_quark_se_1.4.0d.a(qm_spi.o)
 .debug_aranges
                0x00000528       0xe0 ./bsp/build/debug/quark_se/x86/libqmsi/lib\libqmsi_quark_se_1.4.0d.a(qm_uart.o)

.debug_ranges   0x00000000      0x588
 .debug_ranges  0x00000000       0x38 ./debug/quark_se/x86/obj/./hts221_handler.o
 .debug_ranges  0x00000038       0x58 ./debug/quark_se/x86/obj/./lcd_handler.o
 .debug_ranges  0x00000090       0x30 ./debug/quark_se/x86/obj/./main.o
 .debug_ranges  0x000000c0       0x10 ./debug/quark_se/x86/obj/./app_entry.o
 .debug_ranges  0x000000d0       0x80 ./debug/quark_se/x86/obj/./newlib-syscalls.o
 .debug_ranges  0x00000150       0x98 ./bsp/soc/quark_se/debug/quark_se/x86/obj/clk.o
 .debug_ranges  0x000001e8       0x68 ./bsp/build/debug/quark_se/x86/libqmsi/lib\libqmsi_quark_se_1.4.0d.a(qm_gpio.o)
 .debug_ranges  0x00000250      0x140 ./bsp/build/debug/quark_se/x86/libqmsi/lib\libqmsi_quark_se_1.4.0d.a(qm_i2c.o)
 .debug_ranges  0x00000390       0x38 ./bsp/build/debug/quark_se/x86/libqmsi/lib\libqmsi_quark_se_1.4.0d.a(qm_pinmux.o)
 .debug_ranges  0x000003c8       0xd8 ./bsp/build/debug/quark_se/x86/libqmsi/lib\libqmsi_quark_se_1.4.0d.a(qm_spi.o)
 .debug_ranges  0x000004a0       0xe8 ./bsp/build/debug/quark_se/x86/libqmsi/lib\libqmsi_quark_se_1.4.0d.a(qm_uart.o)

.debug_line     0x00000000     0x3030
 .debug_line    0x00000000      0x23a ./debug/quark_se/x86/obj/./hts221_handler.o
 .debug_line    0x0000023a      0x34d ./debug/quark_se/x86/obj/./lcd_handler.o
 .debug_line    0x00000587      0x2bb ./debug/quark_se/x86/obj/./main.o
 .debug_line    0x00000842      0x1a6 ./debug/quark_se/x86/obj/./app_entry.o
 .debug_line    0x000009e8      0x474 ./debug/quark_se/x86/obj/./newlib-syscalls.o
 .debug_line    0x00000e5c      0x470 ./bsp/soc/quark_se/debug/quark_se/x86/obj/clk.o
 .debug_line    0x000012cc      0x305 ./bsp/build/debug/quark_se/x86/libqmsi/lib\libqmsi_quark_se_1.4.0d.a(qm_gpio.o)
 .debug_line    0x000015d1      0x95d ./bsp/build/debug/quark_se/x86/libqmsi/lib\libqmsi_quark_se_1.4.0d.a(qm_i2c.o)
 .debug_line    0x00001f2e      0x218 ./bsp/build/debug/quark_se/x86/libqmsi/lib\libqmsi_quark_se_1.4.0d.a(qm_pinmux.o)
 .debug_line    0x00002146      0x8c1 ./bsp/build/debug/quark_se/x86/libqmsi/lib\libqmsi_quark_se_1.4.0d.a(qm_spi.o)
 .debug_line    0x00002a07      0x629 ./bsp/build/debug/quark_se/x86/libqmsi/lib\libqmsi_quark_se_1.4.0d.a(qm_uart.o)

.debug_str      0x00000000     0x3b05
 .debug_str     0x00000000      0xe76 ./debug/quark_se/x86/obj/./hts221_handler.o
                                0xeed (size before relaxing)
 .debug_str     0x00000e76      0x6f7 ./debug/quark_se/x86/obj/./lcd_handler.o
                               0x10d9 (size before relaxing)
 .debug_str     0x0000156d      0x29d ./debug/quark_se/x86/obj/./main.o
                                0xaa5 (size before relaxing)
 .debug_str     0x0000180a       0x4d ./debug/quark_se/x86/obj/./app_entry.o
                                0x1d7 (size before relaxing)
 .debug_str     0x00001857      0x335 ./debug/quark_se/x86/obj/./newlib-syscalls.o
                                0xec3 (size before relaxing)
 .debug_str     0x00001b8c      0x711 ./bsp/soc/quark_se/debug/quark_se/x86/obj/clk.o
                                0xcf8 (size before relaxing)
 .debug_str     0x0000229d      0x211 ./bsp/build/debug/quark_se/x86/libqmsi/lib\libqmsi_quark_se_1.4.0d.a(qm_gpio.o)
                                0x7c1 (size before relaxing)
 .debug_str     0x000024ae      0xd28 ./bsp/build/debug/quark_se/x86/libqmsi/lib\libqmsi_quark_se_1.4.0d.a(qm_i2c.o)
                               0x16d4 (size before relaxing)
 .debug_str     0x000031d6      0x14f ./bsp/build/debug/quark_se/x86/libqmsi/lib\libqmsi_quark_se_1.4.0d.a(qm_pinmux.o)
                                0x6b0 (size before relaxing)
 .debug_str     0x00003325      0x421 ./bsp/build/debug/quark_se/x86/libqmsi/lib\libqmsi_quark_se_1.4.0d.a(qm_spi.o)
                               0x14ae (size before relaxing)
 .debug_str     0x00003746      0x3bf ./bsp/build/debug/quark_se/x86/libqmsi/lib\libqmsi_quark_se_1.4.0d.a(qm_uart.o)
                               0x1105 (size before relaxing)

.debug_frame    0x00000000     0x1610
 .debug_frame   0x00000000       0xe8 ./debug/quark_se/x86/obj/./hts221_handler.o
 .debug_frame   0x000000e8      0x16c ./debug/quark_se/x86/obj/./lcd_handler.o
 .debug_frame   0x00000254       0xb4 ./debug/quark_se/x86/obj/./main.o
 .debug_frame   0x00000308       0x2c ./debug/quark_se/x86/obj/./app_entry.o
 .debug_frame   0x00000334      0x1f0 ./debug/quark_se/x86/obj/./newlib-syscalls.o
 .debug_frame   0x00000524      0x25c ./bsp/soc/quark_se/debug/quark_se/x86/obj/clk.o
 .debug_frame   0x00000780      0x1c0 ./bsp/build/debug/quark_se/x86/libqmsi/lib\libqmsi_quark_se_1.4.0d.a(qm_gpio.o)
 .debug_frame   0x00000940      0x4f8 ./bsp/build/debug/quark_se/x86/libqmsi/lib\libqmsi_quark_se_1.4.0d.a(qm_i2c.o)
 .debug_frame   0x00000e38       0xdc ./bsp/build/debug/quark_se/x86/libqmsi/lib\libqmsi_quark_se_1.4.0d.a(qm_pinmux.o)
 .debug_frame   0x00000f14      0x39c ./bsp/build/debug/quark_se/x86/libqmsi/lib\libqmsi_quark_se_1.4.0d.a(qm_spi.o)
 .debug_frame   0x000012b0      0x360 ./bsp/build/debug/quark_se/x86/libqmsi/lib\libqmsi_quark_se_1.4.0d.a(qm_uart.o)
