Archive member included to satisfy reference by file (symbol)

c:/intelswtools/issm_2016.2.094/tools/compiler/gcc-ia/5.2.1/bin/../lib/gcc/i586-intel-elfiamcu/5.2.1/../../../../i586-intel-elfiamcu/lib\libc.a(lib_a-errno.o)
                              ./debug/quark_se/x86/obj/./newlib-syscalls.o (__errno)
c:/intelswtools/issm_2016.2.094/tools/compiler/gcc-ia/5.2.1/bin/../lib/gcc/i586-intel-elfiamcu/5.2.1/../../../../i586-intel-elfiamcu/lib\libc.a(lib_a-impure.o)
                              c:/intelswtools/issm_2016.2.094/tools/compiler/gcc-ia/5.2.1/bin/../lib/gcc/i586-intel-elfiamcu/5.2.1/../../../../i586-intel-elfiamcu/lib\libc.a(lib_a-errno.o) (_impure_ptr)
c:/intelswtools/issm_2016.2.094/tools/compiler/gcc-ia/5.2.1/bin/../lib/gcc/i586-intel-elfiamcu/5.2.1/../../../../i586-intel-elfiamcu/lib\libc.a(lib_a-memcpy.o)
                              ./debug/quark_se/x86/obj/./app_entry.o (memcpy)
c:/intelswtools/issm_2016.2.094/tools/compiler/gcc-ia/5.2.1/bin/../lib/gcc/i586-intel-elfiamcu/5.2.1/../../../../i586-intel-elfiamcu/lib\libc.a(lib_a-memset.o)
                              ./debug/quark_se/x86/obj/./lcd_handler.o (memset)
c:/intelswtools/issm_2016.2.094/tools/compiler/gcc-ia/5.2.1/bin/../lib/gcc/i586-intel-elfiamcu/5.2.1\libgcc.a(_udivdi3.o)
                              ./debug/quark_se/x86/obj/./ppd42nj.o (__udivdi3)
./bsp/build/debug/quark_se/x86/libqmsi/lib\libqmsi_quark_se_1.4.0d.a(qm_flash.o)
                              ./bsp/soc/quark_se/debug/quark_se/x86/obj/clk.o (qm_flash)
./bsp/build/debug/quark_se/x86/libqmsi/lib\libqmsi_quark_se_1.4.0d.a(qm_gpio.o)
                              ./debug/quark_se/x86/obj/./lcd_handler.o (qm_gpio_set_config)
./bsp/build/debug/quark_se/x86/libqmsi/lib\libqmsi_quark_se_1.4.0d.a(qm_interrupt.o)
                              ./debug/quark_se/x86/obj/./newlib-syscalls.o (qm_irq_disable)
./bsp/build/debug/quark_se/x86/libqmsi/lib\libqmsi_quark_se_1.4.0d.a(qm_mpr.o)
                              ./bsp/soc/quark_se/debug/quark_se/x86/obj/ss_init.o (qm_mpr_set_config)
./bsp/build/debug/quark_se/x86/libqmsi/lib\libqmsi_quark_se_1.4.0d.a(qm_pinmux.o)
                              ./debug/quark_se/x86/obj/./lcd_handler.o (qm_pmux_select)
./bsp/build/debug/quark_se/x86/libqmsi/lib\libqmsi_quark_se_1.4.0d.a(qm_spi.o)
                              ./debug/quark_se/x86/obj/./lcd_handler.o (qm_spi_controllers)
./bsp/build/debug/quark_se/x86/libqmsi/lib\libqmsi_quark_se_1.4.0d.a(qm_uart.o)
                              ./debug/quark_se/x86/obj/./newlib-syscalls.o (qm_uart_set_config)
./bsp/build/debug/quark_se/x86/libqmsi/lib\libqmsi_quark_se_1.4.0d.a(qm_usb.o)
                              ./debug/quark_se/x86/obj/usb_device.o (qm_usb_attach)
./bsp/build/debug/quark_se/x86/libqmsi/lib\libqmsi_quark_se_1.4.0d.a(qm_dma.o)
                              ./bsp/build/debug/quark_se/x86/libqmsi/lib\libqmsi_quark_se_1.4.0d.a(qm_spi.o) (qm_dma_channel_set_config)

Allocating common symbols
Common symbol       size              file

starttime           0x4               ./debug/quark_se/x86/obj/./ppd42nj.o
LED_cfg             0x20              ./debug/quark_se/x86/obj/./main.o
starttime1          0x4               ./debug/quark_se/x86/obj/./ppd42nj.o
polled_xfer_desc    0xc               ./debug/quark_se/x86/obj/./lcd_handler.o
duration            0x4               ./debug/quark_se/x86/obj/./ppd42nj.o
gpio_cfg            0x20              ./debug/quark_se/x86/obj/./ppd42nj.o
cfg                 0x14              ./debug/quark_se/x86/obj/./lcd_handler.o
gpio_state          0x4               ./debug/quark_se/x86/obj/./ppd42nj.o
sp_restore_storage  0x4               ./bsp/soc/quark_se/debug/quark_se/x86/obj/power_states.o
delaytime           0x4               ./debug/quark_se/x86/obj/./ppd42nj.o
LCD_gpioA_cfg       0x20              ./debug/quark_se/x86/obj/./lcd_handler.o
status              0x4               ./debug/quark_se/x86/obj/./lcd_handler.o

Discarded input sections

 .text          0x00000000        0x0 ./debug/quark_se/x86/obj/./lcd_handler.o
 .data          0x00000000        0x0 ./debug/quark_se/x86/obj/./lcd_handler.o
 .bss           0x00000000        0x0 ./debug/quark_se/x86/obj/./lcd_handler.o
 .text.LCD_XY_Print_SymIdx
                0x00000000       0x8b ./debug/quark_se/x86/obj/./lcd_handler.o
 .text          0x00000000        0x0 ./debug/quark_se/x86/obj/./main.o
 .data          0x00000000        0x0 ./debug/quark_se/x86/obj/./main.o
 .bss           0x00000000        0x0 ./debug/quark_se/x86/obj/./main.o
 .bss.re_print_s1
                0x00000000        0x4 ./debug/quark_se/x86/obj/./main.o
 .bss.re_print_s2
                0x00000000        0x4 ./debug/quark_se/x86/obj/./main.o
 .bss.re_print_s3
                0x00000000        0x4 ./debug/quark_se/x86/obj/./main.o
 .bss.re_print_s4
                0x00000000        0x4 ./debug/quark_se/x86/obj/./main.o
 .bss.re_print_s5
                0x00000000        0x4 ./debug/quark_se/x86/obj/./main.o
 .text.SensorData_Print
                0x00000000      0x168 ./debug/quark_se/x86/obj/./main.o
 COMMON         0x00000000       0x20 ./debug/quark_se/x86/obj/./main.o
 .text          0x00000000        0x0 ./debug/quark_se/x86/obj/./ppd42nj.o
 .data          0x00000000        0x0 ./debug/quark_se/x86/obj/./ppd42nj.o
 .bss           0x00000000        0x0 ./debug/quark_se/x86/obj/./ppd42nj.o
 .text          0x00000000        0x0 ./debug/quark_se/x86/obj/./app_entry.o
 .data          0x00000000        0x0 ./debug/quark_se/x86/obj/./app_entry.o
 .bss           0x00000000        0x0 ./debug/quark_se/x86/obj/./app_entry.o
 .text          0x00000000        0x0 ./debug/quark_se/x86/obj/./newlib-syscalls.o
 .data          0x00000000        0x0 ./debug/quark_se/x86/obj/./newlib-syscalls.o
 .bss           0x00000000        0x0 ./debug/quark_se/x86/obj/./newlib-syscalls.o
 .text.puts     0x00000000       0x41 ./debug/quark_se/x86/obj/./newlib-syscalls.o
 .rodata        0x00000000       0x22 ./debug/quark_se/x86/obj/./newlib-syscalls.o
 .text.__assert_func
                0x00000000       0xa5 ./debug/quark_se/x86/obj/./newlib-syscalls.o
 .text.close    0x00000000       0x1b ./debug/quark_se/x86/obj/./newlib-syscalls.o
 .text.isatty   0x00000000       0x1b ./debug/quark_se/x86/obj/./newlib-syscalls.o
 .text.read     0x00000000       0x21 ./debug/quark_se/x86/obj/./newlib-syscalls.o
 .text.write    0x00000000       0x5d ./debug/quark_se/x86/obj/./newlib-syscalls.o
 .text.lseek    0x00000000       0x21 ./debug/quark_se/x86/obj/./newlib-syscalls.o
 .text.fstat    0x00000000       0x3b ./debug/quark_se/x86/obj/./newlib-syscalls.o
 .text.sbrk     0x00000000       0x5c ./debug/quark_se/x86/obj/./newlib-syscalls.o
 .data.prog_break.3636
                0x00000000        0x4 ./debug/quark_se/x86/obj/./newlib-syscalls.o
 .text          0x00000000        0x0 ./bsp/soc/quark_se/debug/quark_se/x86/obj/clk.o
 .data          0x00000000        0x0 ./bsp/soc/quark_se/debug/quark_se/x86/obj/clk.o
 .bss           0x00000000        0x0 ./bsp/soc/quark_se/debug/quark_se/x86/obj/clk.o
 .text.apply_flash_timings
                0x00000000       0xe3 ./bsp/soc/quark_se/debug/quark_se/x86/obj/clk.o
 .text.clk_sys_compute_new_frequency
                0x00000000       0xd2 ./bsp/soc/quark_se/debug/quark_se/x86/obj/clk.o
 .rodata.clk_sys_compute_new_frequency
                0x00000000       0x18 ./bsp/soc/quark_se/debug/quark_se/x86/obj/clk.o
 .text.clk_sys_set_mode
                0x00000000      0x1fa ./bsp/soc/quark_se/debug/quark_se/x86/obj/clk.o
 .text.clk_trim_read
                0x00000000       0x34 ./bsp/soc/quark_se/debug/quark_se/x86/obj/clk.o
 .text.clk_trim_apply
                0x00000000       0x70 ./bsp/soc/quark_se/debug/quark_se/x86/obj/clk.o
 .text.clk_periph_set_div
                0x00000000       0x3d ./bsp/soc/quark_se/debug/quark_se/x86/obj/clk.o
 .text.clk_gpio_db_set_div
                0x00000000       0x52 ./bsp/soc/quark_se/debug/quark_se/x86/obj/clk.o
 .text.clk_ext_set_div
                0x00000000       0x52 ./bsp/soc/quark_se/debug/quark_se/x86/obj/clk.o
 .text.clk_rtc_set_div
                0x00000000       0x52 ./bsp/soc/quark_se/debug/quark_se/x86/obj/clk.o
 .text.clk_periph_disable
                0x00000000       0x37 ./bsp/soc/quark_se/debug/quark_se/x86/obj/clk.o
 .text.clk_sys_get_ticks_per_us
                0x00000000        0xa ./bsp/soc/quark_se/debug/quark_se/x86/obj/clk.o
 .text.clk_sys_usb_enable
                0x00000000       0x73 ./bsp/soc/quark_se/debug/quark_se/x86/obj/clk.o
 .text.clk_sys_usb_disable
                0x00000000       0x6a ./bsp/soc/quark_se/debug/quark_se/x86/obj/clk.o
 .text.clk_dma_enable
                0x00000000       0x1d ./bsp/soc/quark_se/debug/quark_se/x86/obj/clk.o
 .text.clk_dma_disable
                0x00000000       0x1d ./bsp/soc/quark_se/debug/quark_se/x86/obj/clk.o
 .text.get_i2c_clk_freq_in_mhz
                0x00000000       0x1f ./bsp/soc/quark_se/debug/quark_se/x86/obj/clk.o
 .text          0x00000000        0x0 ./bsp/soc/quark_se/debug/quark_se/x86/obj/power_states.o
 .data          0x00000000        0x0 ./bsp/soc/quark_se/debug/quark_se/x86/obj/power_states.o
 .bss           0x00000000        0x0 ./bsp/soc/quark_se/debug/quark_se/x86/obj/power_states.o
 .text.qm_power_soc_sleep
                0x00000000       0x2c ./bsp/soc/quark_se/debug/quark_se/x86/obj/power_states.o
 .text.qm_power_soc_deep_sleep
                0x00000000       0x40 ./bsp/soc/quark_se/debug/quark_se/x86/obj/power_states.o
 .text.qm_power_soc_sleep_restore
                0x00000000       0x6c ./bsp/soc/quark_se/debug/quark_se/x86/obj/power_states.o
 .text.qm_power_soc_deep_sleep_restore
                0x00000000       0x6c ./bsp/soc/quark_se/debug/quark_se/x86/obj/power_states.o
 .text.qm_power_sleep_wait
                0x00000000       0x42 ./bsp/soc/quark_se/debug/quark_se/x86/obj/power_states.o
 .text.qm_power_soc_set_x86_restore_flag
                0x00000000       0x17 ./bsp/soc/quark_se/debug/quark_se/x86/obj/power_states.o
 .text.qm_power_cpu_c1
                0x00000000        0x8 ./bsp/soc/quark_se/debug/quark_se/x86/obj/power_states.o
 .text.qm_power_cpu_c2
                0x00000000       0x20 ./bsp/soc/quark_se/debug/quark_se/x86/obj/power_states.o
 .text.qm_power_cpu_c2lp
                0x00000000       0x20 ./bsp/soc/quark_se/debug/quark_se/x86/obj/power_states.o
 .debug_info    0x00000000      0x655 ./bsp/soc/quark_se/debug/quark_se/x86/obj/power_states.o
 .debug_abbrev  0x00000000      0x126 ./bsp/soc/quark_se/debug/quark_se/x86/obj/power_states.o
 .debug_aranges
                0x00000000       0x60 ./bsp/soc/quark_se/debug/quark_se/x86/obj/power_states.o
 .debug_ranges  0x00000000       0x50 ./bsp/soc/quark_se/debug/quark_se/x86/obj/power_states.o
 .debug_line    0x00000000      0x223 ./bsp/soc/quark_se/debug/quark_se/x86/obj/power_states.o
 .debug_str     0x00000000      0x711 ./bsp/soc/quark_se/debug/quark_se/x86/obj/power_states.o
 .comment       0x00000000       0x6f ./bsp/soc/quark_se/debug/quark_se/x86/obj/power_states.o
 .debug_frame   0x00000000      0x12c ./bsp/soc/quark_se/debug/quark_se/x86/obj/power_states.o
 COMMON         0x00000000        0x4 ./bsp/soc/quark_se/debug/quark_se/x86/obj/power_states.o
 .text          0x00000000        0x0 ./bsp/soc/quark_se/debug/quark_se/x86/obj/qm_interrupt_router.o
 .data          0x00000000        0x0 ./bsp/soc/quark_se/debug/quark_se/x86/obj/qm_interrupt_router.o
 .bss           0x00000000        0x0 ./bsp/soc/quark_se/debug/quark_se/x86/obj/qm_interrupt_router.o
 .text._qm_ir_unmask_int
                0x00000000       0x83 ./bsp/soc/quark_se/debug/quark_se/x86/obj/qm_interrupt_router.o
 .text._qm_ir_mask_int
                0x00000000       0x83 ./bsp/soc/quark_se/debug/quark_se/x86/obj/qm_interrupt_router.o
 .debug_info    0x00000000      0x3fc ./bsp/soc/quark_se/debug/quark_se/x86/obj/qm_interrupt_router.o
 .debug_abbrev  0x00000000       0xf2 ./bsp/soc/quark_se/debug/quark_se/x86/obj/qm_interrupt_router.o
 .debug_aranges
                0x00000000       0x28 ./bsp/soc/quark_se/debug/quark_se/x86/obj/qm_interrupt_router.o
 .debug_ranges  0x00000000       0x18 ./bsp/soc/quark_se/debug/quark_se/x86/obj/qm_interrupt_router.o
 .debug_line    0x00000000      0x1ac ./bsp/soc/quark_se/debug/quark_se/x86/obj/qm_interrupt_router.o
 .debug_str     0x00000000      0x5bc ./bsp/soc/quark_se/debug/quark_se/x86/obj/qm_interrupt_router.o
 .comment       0x00000000       0x6f ./bsp/soc/quark_se/debug/quark_se/x86/obj/qm_interrupt_router.o
 .debug_frame   0x00000000       0x54 ./bsp/soc/quark_se/debug/quark_se/x86/obj/qm_interrupt_router.o
 .text          0x00000000        0x0 ./bsp/soc/quark_se/debug/quark_se/x86/obj/ss_init.o
 .data          0x00000000        0x0 ./bsp/soc/quark_se/debug/quark_se/x86/obj/ss_init.o
 .bss           0x00000000        0x0 ./bsp/soc/quark_se/debug/quark_se/x86/obj/ss_init.o
 .text.sensor_vectors_protect
                0x00000000       0x15 ./bsp/soc/quark_se/debug/quark_se/x86/obj/ss_init.o
 .text.sensor_activation
                0x00000000       0x3a ./bsp/soc/quark_se/debug/quark_se/x86/obj/ss_init.o
 .rodata.cfg.3021
                0x00000000        0x5 ./bsp/soc/quark_se/debug/quark_se/x86/obj/ss_init.o
 .debug_info    0x00000000      0x1d1 ./bsp/soc/quark_se/debug/quark_se/x86/obj/ss_init.o
 .debug_abbrev  0x00000000      0x11a ./bsp/soc/quark_se/debug/quark_se/x86/obj/ss_init.o
 .debug_aranges
                0x00000000       0x28 ./bsp/soc/quark_se/debug/quark_se/x86/obj/ss_init.o
 .debug_ranges  0x00000000       0x18 ./bsp/soc/quark_se/debug/quark_se/x86/obj/ss_init.o
 .debug_line    0x00000000      0x192 ./bsp/soc/quark_se/debug/quark_se/x86/obj/ss_init.o
 .debug_str     0x00000000      0x2b6 ./bsp/soc/quark_se/debug/quark_se/x86/obj/ss_init.o
 .comment       0x00000000       0x6f ./bsp/soc/quark_se/debug/quark_se/x86/obj/ss_init.o
 .debug_frame   0x00000000       0x54 ./bsp/soc/quark_se/debug/quark_se/x86/obj/ss_init.o
 .text          0x00000000        0x0 ./bsp/soc/quark_se/debug/quark_se/x86/obj/vreg.o
 .data          0x00000000        0x0 ./bsp/soc/quark_se/debug/quark_se/x86/obj/vreg.o
 .bss           0x00000000        0x0 ./bsp/soc/quark_se/debug/quark_se/x86/obj/vreg.o
 .data.vreg     0x00000000       0x10 ./bsp/soc/quark_se/debug/quark_se/x86/obj/vreg.o
 .text.vreg_set_mode
                0x00000000       0x8f ./bsp/soc/quark_se/debug/quark_se/x86/obj/vreg.o
 .text.vreg_aon_set_mode
                0x00000000       0x34 ./bsp/soc/quark_se/debug/quark_se/x86/obj/vreg.o
 .text.vreg_plat3p3_set_mode
                0x00000000       0x27 ./bsp/soc/quark_se/debug/quark_se/x86/obj/vreg.o
 .text.vreg_plat1p8_set_mode
                0x00000000       0x27 ./bsp/soc/quark_se/debug/quark_se/x86/obj/vreg.o
 .text.vreg_host_set_mode
                0x00000000       0x27 ./bsp/soc/quark_se/debug/quark_se/x86/obj/vreg.o
 .debug_info    0x00000000      0x55f ./bsp/soc/quark_se/debug/quark_se/x86/obj/vreg.o
 .debug_abbrev  0x00000000      0x124 ./bsp/soc/quark_se/debug/quark_se/x86/obj/vreg.o
 .debug_aranges
                0x00000000       0x40 ./bsp/soc/quark_se/debug/quark_se/x86/obj/vreg.o
 .debug_ranges  0x00000000       0x30 ./bsp/soc/quark_se/debug/quark_se/x86/obj/vreg.o
 .debug_line    0x00000000      0x1f8 ./bsp/soc/quark_se/debug/quark_se/x86/obj/vreg.o
 .debug_str     0x00000000      0x58d ./bsp/soc/quark_se/debug/quark_se/x86/obj/vreg.o
 .comment       0x00000000       0x6f ./bsp/soc/quark_se/debug/quark_se/x86/obj/vreg.o
 .debug_frame   0x00000000       0xb4 ./bsp/soc/quark_se/debug/quark_se/x86/obj/vreg.o
 .text          0x00000000        0x0 ./debug/quark_se/x86/obj/usb_device.o
 .data          0x00000000        0x0 ./debug/quark_se/x86/obj/usb_device.o
 .bss           0x00000000        0x0 ./debug/quark_se/x86/obj/usb_device.o
 .bss.dev_config
                0x00000000        0x4 ./debug/quark_se/x86/obj/usb_device.o
 .bss.setup_packet
                0x00000000        0x8 ./debug/quark_se/x86/obj/usb_device.o
 .bss.data_buf  0x00000000        0x4 ./debug/quark_se/x86/obj/usb_device.o
 .bss.data_count
                0x00000000        0x4 ./debug/quark_se/x86/obj/usb_device.o
 .bss.control_xfer_len
                0x00000000        0x4 ./debug/quark_se/x86/obj/usb_device.o
 .bss.current_config
                0x00000000        0x1 ./debug/quark_se/x86/obj/usb_device.o
 .bss.req_data_store
                0x00000000       0x20 ./debug/quark_se/x86/obj/usb_device.o
 .bss.usb_enabled
                0x00000000        0x1 ./debug/quark_se/x86/obj/usb_device.o
 .bss.std_request_data
                0x00000000        0x8 ./debug/quark_se/x86/obj/usb_device.o
 .rodata.ep0_cfg
                0x00000000       0x28 ./debug/quark_se/x86/obj/usb_device.o
 .text.handle_request
                0x00000000       0x67 ./debug/quark_se/x86/obj/usb_device.o
 .text.transmit_data
                0x00000000       0x65 ./debug/quark_se/x86/obj/usb_device.o
 .text.handle_setup_packet
                0x00000000       0xff ./debug/quark_se/x86/obj/usb_device.o
 .text.handle_out_control_transfer
                0x00000000      0x13b ./debug/quark_se/x86/obj/usb_device.o
 .text.handle_in_control_transfer
                0x00000000       0x20 ./debug/quark_se/x86/obj/usb_device.o
 .rodata        0x00000000       0x46 ./debug/quark_se/x86/obj/usb_device.o
 .text.get_descriptor
                0x00000000       0xea ./debug/quark_se/x86/obj/usb_device.o
 .text.set_config
                0x00000000      0x1f7 ./debug/quark_se/x86/obj/usb_device.o
 .text.handle_std_device_req
                0x00000000       0xed ./debug/quark_se/x86/obj/usb_device.o
 .rodata.handle_std_device_req
                0x00000000       0x28 ./debug/quark_se/x86/obj/usb_device.o
 .text.handle_std_interface_req
                0x00000000       0x6e ./debug/quark_se/x86/obj/usb_device.o
 .rodata.handle_std_interface_req
                0x00000000       0x30 ./debug/quark_se/x86/obj/usb_device.o
 .text.handle_std_endpoint_req
                0x00000000       0xdd ./debug/quark_se/x86/obj/usb_device.o
 .text.handle_standard_request
                0x00000000       0xd0 ./debug/quark_se/x86/obj/usb_device.o
 .text.usb_enable
                0x00000000      0x11e ./debug/quark_se/x86/obj/usb_device.o
 .text.usb_disable
                0x00000000       0x49 ./debug/quark_se/x86/obj/usb_device.o
 .rodata.__func__.3174
                0x00000000        0xf ./debug/quark_se/x86/obj/usb_device.o
 .rodata.__func__.3185
                0x00000000        0xb ./debug/quark_se/x86/obj/usb_device.o
 .debug_info    0x00000000      0xb86 ./debug/quark_se/x86/obj/usb_device.o
 .debug_abbrev  0x00000000      0x207 ./debug/quark_se/x86/obj/usb_device.o
 .debug_aranges
                0x00000000       0x80 ./debug/quark_se/x86/obj/usb_device.o
 .debug_ranges  0x00000000       0x88 ./debug/quark_se/x86/obj/usb_device.o
 .debug_line    0x00000000      0x3e0 ./debug/quark_se/x86/obj/usb_device.o
 .debug_str     0x00000000      0x95d ./debug/quark_se/x86/obj/usb_device.o
 .comment       0x00000000       0x6f ./debug/quark_se/x86/obj/usb_device.o
 .debug_frame   0x00000000      0x1c4 ./debug/quark_se/x86/obj/usb_device.o
 .text          0x00000000        0x0 c:/intelswtools/issm_2016.2.094/tools/compiler/gcc-ia/5.2.1/bin/../lib/gcc/i586-intel-elfiamcu/5.2.1/../../../../i586-intel-elfiamcu/lib\libc.a(lib_a-errno.o)
 .data          0x00000000        0x0 c:/intelswtools/issm_2016.2.094/tools/compiler/gcc-ia/5.2.1/bin/../lib/gcc/i586-intel-elfiamcu/5.2.1/../../../../i586-intel-elfiamcu/lib\libc.a(lib_a-errno.o)
 .bss           0x00000000        0x0 c:/intelswtools/issm_2016.2.094/tools/compiler/gcc-ia/5.2.1/bin/../lib/gcc/i586-intel-elfiamcu/5.2.1/../../../../i586-intel-elfiamcu/lib\libc.a(lib_a-errno.o)
 .text.unlikely.__errno
                0x00000000        0x0 c:/intelswtools/issm_2016.2.094/tools/compiler/gcc-ia/5.2.1/bin/../lib/gcc/i586-intel-elfiamcu/5.2.1/../../../../i586-intel-elfiamcu/lib\libc.a(lib_a-errno.o)
 .text.__errno  0x00000000        0x6 c:/intelswtools/issm_2016.2.094/tools/compiler/gcc-ia/5.2.1/bin/../lib/gcc/i586-intel-elfiamcu/5.2.1/../../../../i586-intel-elfiamcu/lib\libc.a(lib_a-errno.o)
 .comment       0x00000000       0x6f c:/intelswtools/issm_2016.2.094/tools/compiler/gcc-ia/5.2.1/bin/../lib/gcc/i586-intel-elfiamcu/5.2.1/../../../../i586-intel-elfiamcu/lib\libc.a(lib_a-errno.o)
 .eh_frame      0x00000000       0x2c c:/intelswtools/issm_2016.2.094/tools/compiler/gcc-ia/5.2.1/bin/../lib/gcc/i586-intel-elfiamcu/5.2.1/../../../../i586-intel-elfiamcu/lib\libc.a(lib_a-errno.o)
 .text          0x00000000        0x0 c:/intelswtools/issm_2016.2.094/tools/compiler/gcc-ia/5.2.1/bin/../lib/gcc/i586-intel-elfiamcu/5.2.1/../../../../i586-intel-elfiamcu/lib\libc.a(lib_a-impure.o)
 .data          0x00000000      0x2a4 c:/intelswtools/issm_2016.2.094/tools/compiler/gcc-ia/5.2.1/bin/../lib/gcc/i586-intel-elfiamcu/5.2.1/../../../../i586-intel-elfiamcu/lib\libc.a(lib_a-impure.o)
 .bss           0x00000000        0x0 c:/intelswtools/issm_2016.2.094/tools/compiler/gcc-ia/5.2.1/bin/../lib/gcc/i586-intel-elfiamcu/5.2.1/../../../../i586-intel-elfiamcu/lib\libc.a(lib_a-impure.o)
 .rodata        0x00000000        0x4 c:/intelswtools/issm_2016.2.094/tools/compiler/gcc-ia/5.2.1/bin/../lib/gcc/i586-intel-elfiamcu/5.2.1/../../../../i586-intel-elfiamcu/lib\libc.a(lib_a-impure.o)
 .rodata.str1.1
                0x00000000        0x2 c:/intelswtools/issm_2016.2.094/tools/compiler/gcc-ia/5.2.1/bin/../lib/gcc/i586-intel-elfiamcu/5.2.1/../../../../i586-intel-elfiamcu/lib\libc.a(lib_a-impure.o)
 .comment       0x00000000       0x6f c:/intelswtools/issm_2016.2.094/tools/compiler/gcc-ia/5.2.1/bin/../lib/gcc/i586-intel-elfiamcu/5.2.1/../../../../i586-intel-elfiamcu/lib\libc.a(lib_a-impure.o)
 .text          0x00000000        0x0 c:/intelswtools/issm_2016.2.094/tools/compiler/gcc-ia/5.2.1/bin/../lib/gcc/i586-intel-elfiamcu/5.2.1/../../../../i586-intel-elfiamcu/lib\libc.a(lib_a-memcpy.o)
 .data          0x00000000        0x0 c:/intelswtools/issm_2016.2.094/tools/compiler/gcc-ia/5.2.1/bin/../lib/gcc/i586-intel-elfiamcu/5.2.1/../../../../i586-intel-elfiamcu/lib\libc.a(lib_a-memcpy.o)
 .bss           0x00000000        0x0 c:/intelswtools/issm_2016.2.094/tools/compiler/gcc-ia/5.2.1/bin/../lib/gcc/i586-intel-elfiamcu/5.2.1/../../../../i586-intel-elfiamcu/lib\libc.a(lib_a-memcpy.o)
 .text          0x00000000        0x0 c:/intelswtools/issm_2016.2.094/tools/compiler/gcc-ia/5.2.1/bin/../lib/gcc/i586-intel-elfiamcu/5.2.1/../../../../i586-intel-elfiamcu/lib\libc.a(lib_a-memset.o)
 .data          0x00000000        0x0 c:/intelswtools/issm_2016.2.094/tools/compiler/gcc-ia/5.2.1/bin/../lib/gcc/i586-intel-elfiamcu/5.2.1/../../../../i586-intel-elfiamcu/lib\libc.a(lib_a-memset.o)
 .bss           0x00000000        0x0 c:/intelswtools/issm_2016.2.094/tools/compiler/gcc-ia/5.2.1/bin/../lib/gcc/i586-intel-elfiamcu/5.2.1/../../../../i586-intel-elfiamcu/lib\libc.a(lib_a-memset.o)
 .text          0x00000000        0x0 c:/intelswtools/issm_2016.2.094/tools/compiler/gcc-ia/5.2.1/bin/../lib/gcc/i586-intel-elfiamcu/5.2.1\libgcc.a(_udivdi3.o)
 .data          0x00000000        0x0 c:/intelswtools/issm_2016.2.094/tools/compiler/gcc-ia/5.2.1/bin/../lib/gcc/i586-intel-elfiamcu/5.2.1\libgcc.a(_udivdi3.o)
 .bss           0x00000000        0x0 c:/intelswtools/issm_2016.2.094/tools/compiler/gcc-ia/5.2.1/bin/../lib/gcc/i586-intel-elfiamcu/5.2.1\libgcc.a(_udivdi3.o)
 .text.unlikely.__udivdi3
                0x00000000        0x0 c:/intelswtools/issm_2016.2.094/tools/compiler/gcc-ia/5.2.1/bin/../lib/gcc/i586-intel-elfiamcu/5.2.1\libgcc.a(_udivdi3.o)
 .eh_frame      0x00000000       0x54 c:/intelswtools/issm_2016.2.094/tools/compiler/gcc-ia/5.2.1/bin/../lib/gcc/i586-intel-elfiamcu/5.2.1\libgcc.a(_udivdi3.o)
 .text          0x00000000        0x0 ./bsp/build/debug/quark_se/x86/libqmsi/lib\libqmsi_quark_se_1.4.0d.a(qm_flash.o)
 .data          0x00000000        0x0 ./bsp/build/debug/quark_se/x86/libqmsi/lib\libqmsi_quark_se_1.4.0d.a(qm_flash.o)
 .bss           0x00000000        0x0 ./bsp/build/debug/quark_se/x86/libqmsi/lib\libqmsi_quark_se_1.4.0d.a(qm_flash.o)
 .data.qm_flash
                0x00000000        0x8 ./bsp/build/debug/quark_se/x86/libqmsi/lib\libqmsi_quark_se_1.4.0d.a(qm_flash.o)
 .text.qm_flash_check_otp_locked
                0x00000000       0x16 ./bsp/build/debug/quark_se/x86/libqmsi/lib\libqmsi_quark_se_1.4.0d.a(qm_flash.o)
 .text.qm_flash_set_config
                0x00000000       0xba ./bsp/build/debug/quark_se/x86/libqmsi/lib\libqmsi_quark_se_1.4.0d.a(qm_flash.o)
 .text.qm_flash_word_write
                0x00000000       0xcd ./bsp/build/debug/quark_se/x86/libqmsi/lib\libqmsi_quark_se_1.4.0d.a(qm_flash.o)
 .text.qm_flash_page_write
                0x00000000      0x13c ./bsp/build/debug/quark_se/x86/libqmsi/lib\libqmsi_quark_se_1.4.0d.a(qm_flash.o)
 .text.qm_flash_page_update
                0x00000000      0x20c ./bsp/build/debug/quark_se/x86/libqmsi/lib\libqmsi_quark_se_1.4.0d.a(qm_flash.o)
 .text.qm_flash_page_erase
                0x00000000       0xaa ./bsp/build/debug/quark_se/x86/libqmsi/lib\libqmsi_quark_se_1.4.0d.a(qm_flash.o)
 .text.qm_flash_mass_erase
                0x00000000       0x7a ./bsp/build/debug/quark_se/x86/libqmsi/lib\libqmsi_quark_se_1.4.0d.a(qm_flash.o)
 .text.qm_flash_save_context
                0x00000000       0x50 ./bsp/build/debug/quark_se/x86/libqmsi/lib\libqmsi_quark_se_1.4.0d.a(qm_flash.o)
 .text.qm_flash_restore_context
                0x00000000       0x50 ./bsp/build/debug/quark_se/x86/libqmsi/lib\libqmsi_quark_se_1.4.0d.a(qm_flash.o)
 .debug_info    0x00000000      0x7fe ./bsp/build/debug/quark_se/x86/libqmsi/lib\libqmsi_quark_se_1.4.0d.a(qm_flash.o)
 .debug_abbrev  0x00000000      0x1d0 ./bsp/build/debug/quark_se/x86/libqmsi/lib\libqmsi_quark_se_1.4.0d.a(qm_flash.o)
 .debug_aranges
                0x00000000       0x60 ./bsp/build/debug/quark_se/x86/libqmsi/lib\libqmsi_quark_se_1.4.0d.a(qm_flash.o)
 .debug_ranges  0x00000000       0x50 ./bsp/build/debug/quark_se/x86/libqmsi/lib\libqmsi_quark_se_1.4.0d.a(qm_flash.o)
 .debug_line    0x00000000      0x3b8 ./bsp/build/debug/quark_se/x86/libqmsi/lib\libqmsi_quark_se_1.4.0d.a(qm_flash.o)
 .debug_str     0x00000000      0x68f ./bsp/build/debug/quark_se/x86/libqmsi/lib\libqmsi_quark_se_1.4.0d.a(qm_flash.o)
 .comment       0x00000000       0x6f ./bsp/build/debug/quark_se/x86/libqmsi/lib\libqmsi_quark_se_1.4.0d.a(qm_flash.o)
 .debug_frame   0x00000000      0x134 ./bsp/build/debug/quark_se/x86/libqmsi/lib\libqmsi_quark_se_1.4.0d.a(qm_flash.o)
 .text          0x00000000        0x0 ./bsp/build/debug/quark_se/x86/libqmsi/lib\libqmsi_quark_se_1.4.0d.a(qm_gpio.o)
 .data          0x00000000        0x0 ./bsp/build/debug/quark_se/x86/libqmsi/lib\libqmsi_quark_se_1.4.0d.a(qm_gpio.o)
 .bss           0x00000000        0x0 ./bsp/build/debug/quark_se/x86/libqmsi/lib\libqmsi_quark_se_1.4.0d.a(qm_gpio.o)
 .text.gpio_isr
                0x00000000       0x60 ./bsp/build/debug/quark_se/x86/libqmsi/lib\libqmsi_quark_se_1.4.0d.a(qm_gpio.o)
 .text.qm_gpio_0_isr
                0x00000000       0x3e ./bsp/build/debug/quark_se/x86/libqmsi/lib\libqmsi_quark_se_1.4.0d.a(qm_gpio.o)
 .text.qm_aon_gpio_0_isr
                0x00000000       0x3e ./bsp/build/debug/quark_se/x86/libqmsi/lib\libqmsi_quark_se_1.4.0d.a(qm_gpio.o)
 .text.qm_gpio_set_pin_state
                0x00000000       0x80 ./bsp/build/debug/quark_se/x86/libqmsi/lib\libqmsi_quark_se_1.4.0d.a(qm_gpio.o)
 .text.qm_gpio_read_port
                0x00000000       0x3f ./bsp/build/debug/quark_se/x86/libqmsi/lib\libqmsi_quark_se_1.4.0d.a(qm_gpio.o)
 .text.qm_gpio_write_port
                0x00000000       0x2f ./bsp/build/debug/quark_se/x86/libqmsi/lib\libqmsi_quark_se_1.4.0d.a(qm_gpio.o)
 .text.qm_gpio_save_context
                0x00000000       0xbc ./bsp/build/debug/quark_se/x86/libqmsi/lib\libqmsi_quark_se_1.4.0d.a(qm_gpio.o)
 .text.qm_gpio_restore_context
                0x00000000       0xca ./bsp/build/debug/quark_se/x86/libqmsi/lib\libqmsi_quark_se_1.4.0d.a(qm_gpio.o)
 .text          0x00000000        0x0 ./bsp/build/debug/quark_se/x86/libqmsi/lib\libqmsi_quark_se_1.4.0d.a(qm_interrupt.o)
 .data          0x00000000        0x0 ./bsp/build/debug/quark_se/x86/libqmsi/lib\libqmsi_quark_se_1.4.0d.a(qm_interrupt.o)
 .bss           0x00000000        0x0 ./bsp/build/debug/quark_se/x86/libqmsi/lib\libqmsi_quark_se_1.4.0d.a(qm_interrupt.o)
 .text.idt_set_intr_gate_desc
                0x00000000       0x57 ./bsp/build/debug/quark_se/x86/libqmsi/lib\libqmsi_quark_se_1.4.0d.a(qm_interrupt.o)
 .text._ioapic_set_redtbl_entry
                0x00000000       0x4f ./bsp/build/debug/quark_se/x86/libqmsi/lib\libqmsi_quark_se_1.4.0d.a(qm_interrupt.o)
 .text._ioapic_get_redtbl_size
                0x00000000       0x2a ./bsp/build/debug/quark_se/x86/libqmsi/lib\libqmsi_quark_se_1.4.0d.a(qm_interrupt.o)
 .text._ioapic_get_redtbl_entry_lo
                0x00000000       0x22 ./bsp/build/debug/quark_se/x86/libqmsi/lib\libqmsi_quark_se_1.4.0d.a(qm_interrupt.o)
 .text._ioapic_set_redtbl_entry_lo
                0x00000000       0x29 ./bsp/build/debug/quark_se/x86/libqmsi/lib\libqmsi_quark_se_1.4.0d.a(qm_interrupt.o)
 .text.apic_init
                0x00000000       0x94 ./bsp/build/debug/quark_se/x86/libqmsi/lib\libqmsi_quark_se_1.4.0d.a(qm_interrupt.o)
 .text.ioapic_register_irq
                0x00000000       0x5f ./bsp/build/debug/quark_se/x86/libqmsi/lib\libqmsi_quark_se_1.4.0d.a(qm_interrupt.o)
 .text.ioapic_mask_irq
                0x00000000       0x29 ./bsp/build/debug/quark_se/x86/libqmsi/lib\libqmsi_quark_se_1.4.0d.a(qm_interrupt.o)
 .text.ioapic_unmask_irq
                0x00000000       0x29 ./bsp/build/debug/quark_se/x86/libqmsi/lib\libqmsi_quark_se_1.4.0d.a(qm_interrupt.o)
 .text.qm_irq_disable
                0x00000000        0x7 ./bsp/build/debug/quark_se/x86/libqmsi/lib\libqmsi_quark_se_1.4.0d.a(qm_interrupt.o)
 .text.qm_irq_enable
                0x00000000        0x7 ./bsp/build/debug/quark_se/x86/libqmsi/lib\libqmsi_quark_se_1.4.0d.a(qm_interrupt.o)
 .text.qm_irq_lock
                0x00000000       0x18 ./bsp/build/debug/quark_se/x86/libqmsi/lib\libqmsi_quark_se_1.4.0d.a(qm_interrupt.o)
 .text.qm_irq_unlock
                0x00000000       0x1b ./bsp/build/debug/quark_se/x86/libqmsi/lib\libqmsi_quark_se_1.4.0d.a(qm_interrupt.o)
 .text.qm_irq_mask
                0x00000000       0x14 ./bsp/build/debug/quark_se/x86/libqmsi/lib\libqmsi_quark_se_1.4.0d.a(qm_interrupt.o)
 .text.qm_irq_unmask
                0x00000000       0x14 ./bsp/build/debug/quark_se/x86/libqmsi/lib\libqmsi_quark_se_1.4.0d.a(qm_interrupt.o)
 .text.qm_irq_save_context
                0x00000000       0x49 ./bsp/build/debug/quark_se/x86/libqmsi/lib\libqmsi_quark_se_1.4.0d.a(qm_interrupt.o)
 .text.qm_irq_restore_context
                0x00000000       0x4e ./bsp/build/debug/quark_se/x86/libqmsi/lib\libqmsi_quark_se_1.4.0d.a(qm_interrupt.o)
 .text._qm_irq_setup
                0x00000000       0x22 ./bsp/build/debug/quark_se/x86/libqmsi/lib\libqmsi_quark_se_1.4.0d.a(qm_interrupt.o)
 .text._qm_register_isr
                0x00000000       0x1a ./bsp/build/debug/quark_se/x86/libqmsi/lib\libqmsi_quark_se_1.4.0d.a(qm_interrupt.o)
 .debug_info    0x00000000      0x7f3 ./bsp/build/debug/quark_se/x86/libqmsi/lib\libqmsi_quark_se_1.4.0d.a(qm_interrupt.o)
 .debug_abbrev  0x00000000      0x26e ./bsp/build/debug/quark_se/x86/libqmsi/lib\libqmsi_quark_se_1.4.0d.a(qm_interrupt.o)
 .debug_aranges
                0x00000000       0xb0 ./bsp/build/debug/quark_se/x86/libqmsi/lib\libqmsi_quark_se_1.4.0d.a(qm_interrupt.o)
 .debug_ranges  0x00000000       0xa0 ./bsp/build/debug/quark_se/x86/libqmsi/lib\libqmsi_quark_se_1.4.0d.a(qm_interrupt.o)
 .debug_line    0x00000000      0x372 ./bsp/build/debug/quark_se/x86/libqmsi/lib\libqmsi_quark_se_1.4.0d.a(qm_interrupt.o)
 .debug_str     0x00000000      0x4cb ./bsp/build/debug/quark_se/x86/libqmsi/lib\libqmsi_quark_se_1.4.0d.a(qm_interrupt.o)
 .comment       0x00000000       0x6f ./bsp/build/debug/quark_se/x86/libqmsi/lib\libqmsi_quark_se_1.4.0d.a(qm_interrupt.o)
 .debug_frame   0x00000000      0x274 ./bsp/build/debug/quark_se/x86/libqmsi/lib\libqmsi_quark_se_1.4.0d.a(qm_interrupt.o)
 .text          0x00000000        0x0 ./bsp/build/debug/quark_se/x86/libqmsi/lib\libqmsi_quark_se_1.4.0d.a(qm_mpr.o)
 .data          0x00000000        0x0 ./bsp/build/debug/quark_se/x86/libqmsi/lib\libqmsi_quark_se_1.4.0d.a(qm_mpr.o)
 .bss           0x00000000        0x0 ./bsp/build/debug/quark_se/x86/libqmsi/lib\libqmsi_quark_se_1.4.0d.a(qm_mpr.o)
 .bss.callback  0x00000000        0x4 ./bsp/build/debug/quark_se/x86/libqmsi/lib\libqmsi_quark_se_1.4.0d.a(qm_mpr.o)
 .bss.callback_data
                0x00000000        0x4 ./bsp/build/debug/quark_se/x86/libqmsi/lib\libqmsi_quark_se_1.4.0d.a(qm_mpr.o)
 .text.qm_sram_mpr_0_isr
                0x00000000       0x58 ./bsp/build/debug/quark_se/x86/libqmsi/lib\libqmsi_quark_se_1.4.0d.a(qm_mpr.o)
 .text.qm_mpr_set_config
                0x00000000       0xb8 ./bsp/build/debug/quark_se/x86/libqmsi/lib\libqmsi_quark_se_1.4.0d.a(qm_mpr.o)
 .text.qm_mpr_set_violation_policy
                0x00000000       0xc8 ./bsp/build/debug/quark_se/x86/libqmsi/lib\libqmsi_quark_se_1.4.0d.a(qm_mpr.o)
 .text.qm_mpr_save_context
                0x00000000       0x48 ./bsp/build/debug/quark_se/x86/libqmsi/lib\libqmsi_quark_se_1.4.0d.a(qm_mpr.o)
 .text.qm_mpr_restore_context
                0x00000000       0x48 ./bsp/build/debug/quark_se/x86/libqmsi/lib\libqmsi_quark_se_1.4.0d.a(qm_mpr.o)
 .debug_info    0x00000000      0xbfe ./bsp/build/debug/quark_se/x86/libqmsi/lib\libqmsi_quark_se_1.4.0d.a(qm_mpr.o)
 .debug_abbrev  0x00000000      0x1c3 ./bsp/build/debug/quark_se/x86/libqmsi/lib\libqmsi_quark_se_1.4.0d.a(qm_mpr.o)
 .debug_aranges
                0x00000000       0x40 ./bsp/build/debug/quark_se/x86/libqmsi/lib\libqmsi_quark_se_1.4.0d.a(qm_mpr.o)
 .debug_ranges  0x00000000       0x30 ./bsp/build/debug/quark_se/x86/libqmsi/lib\libqmsi_quark_se_1.4.0d.a(qm_mpr.o)
 .debug_line    0x00000000      0x23f ./bsp/build/debug/quark_se/x86/libqmsi/lib\libqmsi_quark_se_1.4.0d.a(qm_mpr.o)
 .debug_str     0x00000000      0xac8 ./bsp/build/debug/quark_se/x86/libqmsi/lib\libqmsi_quark_se_1.4.0d.a(qm_mpr.o)
 .comment       0x00000000       0x6f ./bsp/build/debug/quark_se/x86/libqmsi/lib\libqmsi_quark_se_1.4.0d.a(qm_mpr.o)
 .debug_frame   0x00000000       0xc4 ./bsp/build/debug/quark_se/x86/libqmsi/lib\libqmsi_quark_se_1.4.0d.a(qm_mpr.o)
 .text          0x00000000        0x0 ./bsp/build/debug/quark_se/x86/libqmsi/lib\libqmsi_quark_se_1.4.0d.a(qm_pinmux.o)
 .data          0x00000000        0x0 ./bsp/build/debug/quark_se/x86/libqmsi/lib\libqmsi_quark_se_1.4.0d.a(qm_pinmux.o)
 .bss           0x00000000        0x0 ./bsp/build/debug/quark_se/x86/libqmsi/lib\libqmsi_quark_se_1.4.0d.a(qm_pinmux.o)
 .text.qm_pmux_set_slew
                0x00000000       0xa5 ./bsp/build/debug/quark_se/x86/libqmsi/lib\libqmsi_quark_se_1.4.0d.a(qm_pinmux.o)
 .text.qm_pmux_input_en
                0x00000000       0x9b ./bsp/build/debug/quark_se/x86/libqmsi/lib\libqmsi_quark_se_1.4.0d.a(qm_pinmux.o)
 .text.qm_pmux_pullup_en
                0x00000000       0x91 ./bsp/build/debug/quark_se/x86/libqmsi/lib\libqmsi_quark_se_1.4.0d.a(qm_pinmux.o)
 .text          0x00000000        0x0 ./bsp/build/debug/quark_se/x86/libqmsi/lib\libqmsi_quark_se_1.4.0d.a(qm_spi.o)
 .data          0x00000000        0x0 ./bsp/build/debug/quark_se/x86/libqmsi/lib\libqmsi_quark_se_1.4.0d.a(qm_spi.o)
 .bss           0x00000000        0x0 ./bsp/build/debug/quark_se/x86/libqmsi/lib\libqmsi_quark_se_1.4.0d.a(qm_spi.o)
 .bss.spi_async_transfer
                0x00000000        0xc ./bsp/build/debug/quark_se/x86/libqmsi/lib\libqmsi_quark_se_1.4.0d.a(qm_spi.o)
 .bss.tx_counter
                0x00000000        0x6 ./bsp/build/debug/quark_se/x86/libqmsi/lib\libqmsi_quark_se_1.4.0d.a(qm_spi.o)
 .bss.rx_counter
                0x00000000        0x6 ./bsp/build/debug/quark_se/x86/libqmsi/lib\libqmsi_quark_se_1.4.0d.a(qm_spi.o)
 .bss.dma_context_tx
                0x00000000       0x24 ./bsp/build/debug/quark_se/x86/libqmsi/lib\libqmsi_quark_se_1.4.0d.a(qm_spi.o)
 .bss.dma_context_rx
                0x00000000       0x24 ./bsp/build/debug/quark_se/x86/libqmsi/lib\libqmsi_quark_se_1.4.0d.a(qm_spi.o)
 .bss.dma_core  0x00000000        0xc ./bsp/build/debug/quark_se/x86/libqmsi/lib\libqmsi_quark_se_1.4.0d.a(qm_spi.o)
 .text.handle_mst_rx_interrupt
                0x00000000      0x150 ./bsp/build/debug/quark_se/x86/libqmsi/lib\libqmsi_quark_se_1.4.0d.a(qm_spi.o)
 .text.handle_mst_tx_interrupt
                0x00000000       0xc8 ./bsp/build/debug/quark_se/x86/libqmsi/lib\libqmsi_quark_se_1.4.0d.a(qm_spi.o)
 .text.handle_slv_rx_interrupt
                0x00000000      0x15c ./bsp/build/debug/quark_se/x86/libqmsi/lib\libqmsi_quark_se_1.4.0d.a(qm_spi.o)
 .text.handle_slv_tx_interrupt
                0x00000000      0x145 ./bsp/build/debug/quark_se/x86/libqmsi/lib\libqmsi_quark_se_1.4.0d.a(qm_spi.o)
 .text.handle_spi_overflow_interrupt
                0x00000000       0x78 ./bsp/build/debug/quark_se/x86/libqmsi/lib\libqmsi_quark_se_1.4.0d.a(qm_spi.o)
 .rodata        0x00000000      0x15e ./bsp/build/debug/quark_se/x86/libqmsi/lib\libqmsi_quark_se_1.4.0d.a(qm_spi.o)
 .text.handle_spi_mst_interrupt
                0x00000000      0x14b ./bsp/build/debug/quark_se/x86/libqmsi/lib\libqmsi_quark_se_1.4.0d.a(qm_spi.o)
 .text.handle_spi_slv_interrupt
                0x00000000      0x138 ./bsp/build/debug/quark_se/x86/libqmsi/lib\libqmsi_quark_se_1.4.0d.a(qm_spi.o)
 .text.qm_spi_get_status
                0x00000000       0x71 ./bsp/build/debug/quark_se/x86/libqmsi/lib\libqmsi_quark_se_1.4.0d.a(qm_spi.o)
 .text.qm_spi_irq_update
                0x00000000      0x1cb ./bsp/build/debug/quark_se/x86/libqmsi/lib\libqmsi_quark_se_1.4.0d.a(qm_spi.o)
 .text.qm_spi_irq_transfer
                0x00000000      0x1f8 ./bsp/build/debug/quark_se/x86/libqmsi/lib\libqmsi_quark_se_1.4.0d.a(qm_spi.o)
 .text.qm_spi_master_0_isr
                0x00000000       0x3e ./bsp/build/debug/quark_se/x86/libqmsi/lib\libqmsi_quark_se_1.4.0d.a(qm_spi.o)
 .text.qm_spi_master_1_isr
                0x00000000       0x3e ./bsp/build/debug/quark_se/x86/libqmsi/lib\libqmsi_quark_se_1.4.0d.a(qm_spi.o)
 .text.qm_spi_slave_0_isr
                0x00000000       0x3e ./bsp/build/debug/quark_se/x86/libqmsi/lib\libqmsi_quark_se_1.4.0d.a(qm_spi.o)
 .text.qm_spi_irq_transfer_terminate
                0x00000000       0xf2 ./bsp/build/debug/quark_se/x86/libqmsi/lib\libqmsi_quark_se_1.4.0d.a(qm_spi.o)
 .text.spi_dma_callback
                0x00000000      0x26b ./bsp/build/debug/quark_se/x86/libqmsi/lib\libqmsi_quark_se_1.4.0d.a(qm_spi.o)
 .text.qm_spi_dma_channel_config
                0x00000000      0x198 ./bsp/build/debug/quark_se/x86/libqmsi/lib\libqmsi_quark_se_1.4.0d.a(qm_spi.o)
 .text.qm_spi_dma_transfer
                0x00000000      0x425 ./bsp/build/debug/quark_se/x86/libqmsi/lib\libqmsi_quark_se_1.4.0d.a(qm_spi.o)
 .text.qm_spi_dma_transfer_terminate
                0x00000000      0x131 ./bsp/build/debug/quark_se/x86/libqmsi/lib\libqmsi_quark_se_1.4.0d.a(qm_spi.o)
 .text.qm_spi_save_context
                0x00000000       0x5c ./bsp/build/debug/quark_se/x86/libqmsi/lib\libqmsi_quark_se_1.4.0d.a(qm_spi.o)
 .text.qm_spi_restore_context
                0x00000000       0x5c ./bsp/build/debug/quark_se/x86/libqmsi/lib\libqmsi_quark_se_1.4.0d.a(qm_spi.o)
 .rodata.__func__.3305
                0x00000000       0x19 ./bsp/build/debug/quark_se/x86/libqmsi/lib\libqmsi_quark_se_1.4.0d.a(qm_spi.o)
 .rodata.__func__.3312
                0x00000000       0x19 ./bsp/build/debug/quark_se/x86/libqmsi/lib\libqmsi_quark_se_1.4.0d.a(qm_spi.o)
 .rodata.__func__.3374
                0x00000000       0x11 ./bsp/build/debug/quark_se/x86/libqmsi/lib\libqmsi_quark_se_1.4.0d.a(qm_spi.o)
 .rodata.__func__.3401
                0x00000000       0x1a ./bsp/build/debug/quark_se/x86/libqmsi/lib\libqmsi_quark_se_1.4.0d.a(qm_spi.o)
 .text          0x00000000        0x0 ./bsp/build/debug/quark_se/x86/libqmsi/lib\libqmsi_quark_se_1.4.0d.a(qm_uart.o)
 .data          0x00000000        0x0 ./bsp/build/debug/quark_se/x86/libqmsi/lib\libqmsi_quark_se_1.4.0d.a(qm_uart.o)
 .bss           0x00000000        0x0 ./bsp/build/debug/quark_se/x86/libqmsi/lib\libqmsi_quark_se_1.4.0d.a(qm_uart.o)
 .bss.write_pos
                0x00000000        0x8 ./bsp/build/debug/quark_se/x86/libqmsi/lib\libqmsi_quark_se_1.4.0d.a(qm_uart.o)
 .bss.read_pos  0x00000000        0x8 ./bsp/build/debug/quark_se/x86/libqmsi/lib\libqmsi_quark_se_1.4.0d.a(qm_uart.o)
 .bss.uart_read_transfer
                0x00000000        0x8 ./bsp/build/debug/quark_se/x86/libqmsi/lib\libqmsi_quark_se_1.4.0d.a(qm_uart.o)
 .bss.uart_write_transfer
                0x00000000        0x8 ./bsp/build/debug/quark_se/x86/libqmsi/lib\libqmsi_quark_se_1.4.0d.a(qm_uart.o)
 .bss.dma_context_tx
                0x00000000       0x10 ./bsp/build/debug/quark_se/x86/libqmsi/lib\libqmsi_quark_se_1.4.0d.a(qm_uart.o)
 .bss.dma_context_rx
                0x00000000       0x10 ./bsp/build/debug/quark_se/x86/libqmsi/lib\libqmsi_quark_se_1.4.0d.a(qm_uart.o)
 .bss.dma_core  0x00000000        0x8 ./bsp/build/debug/quark_se/x86/libqmsi/lib\libqmsi_quark_se_1.4.0d.a(qm_uart.o)
 .bss.dma_delayed_callback_par
                0x00000000       0x18 ./bsp/build/debug/quark_se/x86/libqmsi/lib\libqmsi_quark_se_1.4.0d.a(qm_uart.o)
 .text.is_read_xfer_complete
                0x00000000       0x2d ./bsp/build/debug/quark_se/x86/libqmsi/lib\libqmsi_quark_se_1.4.0d.a(qm_uart.o)
 .text.is_write_xfer_complete
                0x00000000       0x2d ./bsp/build/debug/quark_se/x86/libqmsi/lib\libqmsi_quark_se_1.4.0d.a(qm_uart.o)
 .text.qm_uart_isr_handler
                0x00000000      0x2f3 ./bsp/build/debug/quark_se/x86/libqmsi/lib\libqmsi_quark_se_1.4.0d.a(qm_uart.o)
 .text.qm_uart_0_isr
                0x00000000       0x3e ./bsp/build/debug/quark_se/x86/libqmsi/lib\libqmsi_quark_se_1.4.0d.a(qm_uart.o)
 .text.qm_uart_1_isr
                0x00000000       0x3e ./bsp/build/debug/quark_se/x86/libqmsi/lib\libqmsi_quark_se_1.4.0d.a(qm_uart.o)
 .text.qm_uart_get_status
                0x00000000       0xa5 ./bsp/build/debug/quark_se/x86/libqmsi/lib\libqmsi_quark_se_1.4.0d.a(qm_uart.o)
 .text.qm_uart_read
                0x00000000       0x8b ./bsp/build/debug/quark_se/x86/libqmsi/lib\libqmsi_quark_se_1.4.0d.a(qm_uart.o)
 .text.qm_uart_write_non_block
                0x00000000       0x38 ./bsp/build/debug/quark_se/x86/libqmsi/lib\libqmsi_quark_se_1.4.0d.a(qm_uart.o)
 .text.qm_uart_read_non_block
                0x00000000       0x46 ./bsp/build/debug/quark_se/x86/libqmsi/lib\libqmsi_quark_se_1.4.0d.a(qm_uart.o)
 .text.qm_uart_write_buffer
                0x00000000       0x7e ./bsp/build/debug/quark_se/x86/libqmsi/lib\libqmsi_quark_se_1.4.0d.a(qm_uart.o)
 .text.qm_uart_irq_write
                0x00000000       0x70 ./bsp/build/debug/quark_se/x86/libqmsi/lib\libqmsi_quark_se_1.4.0d.a(qm_uart.o)
 .text.qm_uart_irq_read
                0x00000000       0x70 ./bsp/build/debug/quark_se/x86/libqmsi/lib\libqmsi_quark_se_1.4.0d.a(qm_uart.o)
 .text.qm_uart_irq_write_terminate
                0x00000000       0x7c ./bsp/build/debug/quark_se/x86/libqmsi/lib\libqmsi_quark_se_1.4.0d.a(qm_uart.o)
 .text.qm_uart_irq_read_terminate
                0x00000000       0x7c ./bsp/build/debug/quark_se/x86/libqmsi/lib\libqmsi_quark_se_1.4.0d.a(qm_uart.o)
 .rodata        0x00000000       0xa5 ./bsp/build/debug/quark_se/x86/libqmsi/lib\libqmsi_quark_se_1.4.0d.a(qm_uart.o)
 .text.uart_dma_callback
                0x00000000      0x140 ./bsp/build/debug/quark_se/x86/libqmsi/lib\libqmsi_quark_se_1.4.0d.a(qm_uart.o)
 .text.uart_client_callback
                0x00000000      0x110 ./bsp/build/debug/quark_se/x86/libqmsi/lib\libqmsi_quark_se_1.4.0d.a(qm_uart.o)
 .text.qm_uart_dma_channel_config
                0x00000000      0x130 ./bsp/build/debug/quark_se/x86/libqmsi/lib\libqmsi_quark_se_1.4.0d.a(qm_uart.o)
 .text.qm_uart_dma_write
                0x00000000       0xf5 ./bsp/build/debug/quark_se/x86/libqmsi/lib\libqmsi_quark_se_1.4.0d.a(qm_uart.o)
 .text.qm_uart_dma_read
                0x00000000       0xf5 ./bsp/build/debug/quark_se/x86/libqmsi/lib\libqmsi_quark_se_1.4.0d.a(qm_uart.o)
 .text.qm_uart_dma_write_terminate
                0x00000000       0x37 ./bsp/build/debug/quark_se/x86/libqmsi/lib\libqmsi_quark_se_1.4.0d.a(qm_uart.o)
 .text.qm_uart_dma_read_terminate
                0x00000000       0x37 ./bsp/build/debug/quark_se/x86/libqmsi/lib\libqmsi_quark_se_1.4.0d.a(qm_uart.o)
 .text.qm_uart_save_context
                0x00000000       0xc4 ./bsp/build/debug/quark_se/x86/libqmsi/lib\libqmsi_quark_se_1.4.0d.a(qm_uart.o)
 .text.qm_uart_restore_context
                0x00000000       0xce ./bsp/build/debug/quark_se/x86/libqmsi/lib\libqmsi_quark_se_1.4.0d.a(qm_uart.o)
 .rodata.__func__.3340
                0x00000000       0x12 ./bsp/build/debug/quark_se/x86/libqmsi/lib\libqmsi_quark_se_1.4.0d.a(qm_uart.o)
 .rodata.__func__.3349
                0x00000000       0x15 ./bsp/build/debug/quark_se/x86/libqmsi/lib\libqmsi_quark_se_1.4.0d.a(qm_uart.o)
 .text          0x00000000        0x0 ./bsp/build/debug/quark_se/x86/libqmsi/lib\libqmsi_quark_se_1.4.0d.a(qm_usb.o)
 .data          0x00000000        0x0 ./bsp/build/debug/quark_se/x86/libqmsi/lib\libqmsi_quark_se_1.4.0d.a(qm_usb.o)
 .bss           0x00000000        0x0 ./bsp/build/debug/quark_se/x86/libqmsi/lib\libqmsi_quark_se_1.4.0d.a(qm_usb.o)
 .bss.usb_ctrl  0x00000000       0x84 ./bsp/build/debug/quark_se/x86/libqmsi/lib\libqmsi_quark_se_1.4.0d.a(qm_usb.o)
 .text.usb_dc_ep_is_valid
                0x00000000       0x12 ./bsp/build/debug/quark_se/x86/libqmsi/lib\libqmsi_quark_se_1.4.0d.a(qm_usb.o)
 .text.usb_dc_reset
                0x00000000       0xda ./bsp/build/debug/quark_se/x86/libqmsi/lib\libqmsi_quark_se_1.4.0d.a(qm_usb.o)
 .text.usb_dc_prep_rx
                0x00000000      0x127 ./bsp/build/debug/quark_se/x86/libqmsi/lib\libqmsi_quark_se_1.4.0d.a(qm_usb.o)
 .text.usb_dc_tx
                0x00000000      0x20e ./bsp/build/debug/quark_se/x86/libqmsi/lib\libqmsi_quark_se_1.4.0d.a(qm_usb.o)
 .text.usb_dc_handle_reset
                0x00000000      0x12d ./bsp/build/debug/quark_se/x86/libqmsi/lib\libqmsi_quark_se_1.4.0d.a(qm_usb.o)
 .text.usb_dc_handle_enum_done
                0x00000000       0x5d ./bsp/build/debug/quark_se/x86/libqmsi/lib\libqmsi_quark_se_1.4.0d.a(qm_usb.o)
 .text.handle_rx_fifo
                0x00000000       0xde ./bsp/build/debug/quark_se/x86/libqmsi/lib\libqmsi_quark_se_1.4.0d.a(qm_usb.o)
 .text.handle_in_ep_intr
                0x00000000      0x167 ./bsp/build/debug/quark_se/x86/libqmsi/lib\libqmsi_quark_se_1.4.0d.a(qm_usb.o)
 .text.handle_out_ep_intr
                0x00000000       0xec ./bsp/build/debug/quark_se/x86/libqmsi/lib\libqmsi_quark_se_1.4.0d.a(qm_usb.o)
 .text.usb_dc_isr_handler
                0x00000000      0x1d8 ./bsp/build/debug/quark_se/x86/libqmsi/lib\libqmsi_quark_se_1.4.0d.a(qm_usb.o)
 .text.qm_usb_0_isr
                0x00000000       0x3e ./bsp/build/debug/quark_se/x86/libqmsi/lib\libqmsi_quark_se_1.4.0d.a(qm_usb.o)
 .text.qm_usb_attach
                0x00000000      0x17c ./bsp/build/debug/quark_se/x86/libqmsi/lib\libqmsi_quark_se_1.4.0d.a(qm_usb.o)
 .text.qm_usb_detach
                0x00000000       0x95 ./bsp/build/debug/quark_se/x86/libqmsi/lib\libqmsi_quark_se_1.4.0d.a(qm_usb.o)
 .text.qm_usb_reset
                0x00000000       0x20 ./bsp/build/debug/quark_se/x86/libqmsi/lib\libqmsi_quark_se_1.4.0d.a(qm_usb.o)
 .text.qm_usb_set_address
                0x00000000       0xb5 ./bsp/build/debug/quark_se/x86/libqmsi/lib\libqmsi_quark_se_1.4.0d.a(qm_usb.o)
 .text.qm_usb_ep_set_config
                0x00000000      0x256 ./bsp/build/debug/quark_se/x86/libqmsi/lib\libqmsi_quark_se_1.4.0d.a(qm_usb.o)
 .text.qm_usb_ep_set_stall_state
                0x00000000      0x163 ./bsp/build/debug/quark_se/x86/libqmsi/lib\libqmsi_quark_se_1.4.0d.a(qm_usb.o)
 .text.qm_usb_ep_halt
                0x00000000      0x10f ./bsp/build/debug/quark_se/x86/libqmsi/lib\libqmsi_quark_se_1.4.0d.a(qm_usb.o)
 .text.qm_usb_ep_is_stalled
                0x00000000       0xe1 ./bsp/build/debug/quark_se/x86/libqmsi/lib\libqmsi_quark_se_1.4.0d.a(qm_usb.o)
 .text.qm_usb_ep_enable
                0x00000000      0x1e4 ./bsp/build/debug/quark_se/x86/libqmsi/lib\libqmsi_quark_se_1.4.0d.a(qm_usb.o)
 .text.qm_usb_ep_disable
                0x00000000      0x265 ./bsp/build/debug/quark_se/x86/libqmsi/lib\libqmsi_quark_se_1.4.0d.a(qm_usb.o)
 .text.qm_usb_ep_flush
                0x00000000      0x126 ./bsp/build/debug/quark_se/x86/libqmsi/lib\libqmsi_quark_se_1.4.0d.a(qm_usb.o)
 .text.qm_usb_ep_write
                0x00000000       0xd3 ./bsp/build/debug/quark_se/x86/libqmsi/lib\libqmsi_quark_se_1.4.0d.a(qm_usb.o)
 .text.qm_usb_ep_read
                0x00000000      0x219 ./bsp/build/debug/quark_se/x86/libqmsi/lib\libqmsi_quark_se_1.4.0d.a(qm_usb.o)
 .text.qm_usb_set_status_callback
                0x00000000       0x38 ./bsp/build/debug/quark_se/x86/libqmsi/lib\libqmsi_quark_se_1.4.0d.a(qm_usb.o)
 .text.qm_usb_ep_get_bytes_read
                0x00000000       0xd9 ./bsp/build/debug/quark_se/x86/libqmsi/lib\libqmsi_quark_se_1.4.0d.a(qm_usb.o)
 .debug_info    0x00000000     0x145f ./bsp/build/debug/quark_se/x86/libqmsi/lib\libqmsi_quark_se_1.4.0d.a(qm_usb.o)
 .debug_abbrev  0x00000000      0x29a ./bsp/build/debug/quark_se/x86/libqmsi/lib\libqmsi_quark_se_1.4.0d.a(qm_usb.o)
 .debug_aranges
                0x00000000       0xe8 ./bsp/build/debug/quark_se/x86/libqmsi/lib\libqmsi_quark_se_1.4.0d.a(qm_usb.o)
 .debug_ranges  0x00000000       0xd8 ./bsp/build/debug/quark_se/x86/libqmsi/lib\libqmsi_quark_se_1.4.0d.a(qm_usb.o)
 .debug_line    0x00000000      0x692 ./bsp/build/debug/quark_se/x86/libqmsi/lib\libqmsi_quark_se_1.4.0d.a(qm_usb.o)
 .debug_str     0x00000000      0xbee ./bsp/build/debug/quark_se/x86/libqmsi/lib\libqmsi_quark_se_1.4.0d.a(qm_usb.o)
 .comment       0x00000000       0x6f ./bsp/build/debug/quark_se/x86/libqmsi/lib\libqmsi_quark_se_1.4.0d.a(qm_usb.o)
 .debug_frame   0x00000000      0x394 ./bsp/build/debug/quark_se/x86/libqmsi/lib\libqmsi_quark_se_1.4.0d.a(qm_usb.o)
 .text          0x00000000        0x0 ./bsp/build/debug/quark_se/x86/libqmsi/lib\libqmsi_quark_se_1.4.0d.a(qm_dma.o)
 .data          0x00000000        0x0 ./bsp/build/debug/quark_se/x86/libqmsi/lib\libqmsi_quark_se_1.4.0d.a(qm_dma.o)
 .bss           0x00000000        0x0 ./bsp/build/debug/quark_se/x86/libqmsi/lib\libqmsi_quark_se_1.4.0d.a(qm_dma.o)
 .rodata        0x00000000      0x238 ./bsp/build/debug/quark_se/x86/libqmsi/lib\libqmsi_quark_se_1.4.0d.a(qm_dma.o)
 .text.get_transfer_length
                0x00000000       0xb7 ./bsp/build/debug/quark_se/x86/libqmsi/lib\libqmsi_quark_se_1.4.0d.a(qm_dma.o)
 .text.dma_controller_disable
                0x00000000       0x3b ./bsp/build/debug/quark_se/x86/libqmsi/lib\libqmsi_quark_se_1.4.0d.a(qm_dma.o)
 .text.dma_controller_enable
                0x00000000       0x20 ./bsp/build/debug/quark_se/x86/libqmsi/lib\libqmsi_quark_se_1.4.0d.a(qm_dma.o)
 .text.dma_channel_disable
                0x00000000      0x165 ./bsp/build/debug/quark_se/x86/libqmsi/lib\libqmsi_quark_se_1.4.0d.a(qm_dma.o)
 .text.dma_channel_enable
                0x00000000       0x3f ./bsp/build/debug/quark_se/x86/libqmsi/lib\libqmsi_quark_se_1.4.0d.a(qm_dma.o)
 .text.dma_interrupt_disable
                0x00000000       0x40 ./bsp/build/debug/quark_se/x86/libqmsi/lib\libqmsi_quark_se_1.4.0d.a(qm_dma.o)
 .text.dma_interrupt_enable
                0x00000000       0x40 ./bsp/build/debug/quark_se/x86/libqmsi/lib\libqmsi_quark_se_1.4.0d.a(qm_dma.o)
 .text.dma_set_transfer_type
                0x00000000      0x1af ./bsp/build/debug/quark_se/x86/libqmsi/lib\libqmsi_quark_se_1.4.0d.a(qm_dma.o)
 .text.dma_get_transfer_type
                0x00000000       0x7d ./bsp/build/debug/quark_se/x86/libqmsi/lib\libqmsi_quark_se_1.4.0d.a(qm_dma.o)
 .text.dma_set_source_transfer_width
                0x00000000       0x58 ./bsp/build/debug/quark_se/x86/libqmsi/lib\libqmsi_quark_se_1.4.0d.a(qm_dma.o)
 .text.dma_set_destination_transfer_width
                0x00000000       0x57 ./bsp/build/debug/quark_se/x86/libqmsi/lib\libqmsi_quark_se_1.4.0d.a(qm_dma.o)
 .text.dma_set_source_burst_length
                0x00000000       0x5a ./bsp/build/debug/quark_se/x86/libqmsi/lib\libqmsi_quark_se_1.4.0d.a(qm_dma.o)
 .text.dma_set_destination_burst_length
                0x00000000       0x58 ./bsp/build/debug/quark_se/x86/libqmsi/lib\libqmsi_quark_se_1.4.0d.a(qm_dma.o)
 .text.dma_set_transfer_direction
                0x00000000       0x5a ./bsp/build/debug/quark_se/x86/libqmsi/lib\libqmsi_quark_se_1.4.0d.a(qm_dma.o)
 .text.dma_set_source_increment
                0x00000000       0x58 ./bsp/build/debug/quark_se/x86/libqmsi/lib\libqmsi_quark_se_1.4.0d.a(qm_dma.o)
 .text.dma_set_destination_increment
                0x00000000       0x5a ./bsp/build/debug/quark_se/x86/libqmsi/lib\libqmsi_quark_se_1.4.0d.a(qm_dma.o)
 .text.dma_set_handshake_interface
                0x00000000       0x80 ./bsp/build/debug/quark_se/x86/libqmsi/lib\libqmsi_quark_se_1.4.0d.a(qm_dma.o)
 .text.dma_set_handshake_type
                0x00000000       0x82 ./bsp/build/debug/quark_se/x86/libqmsi/lib\libqmsi_quark_se_1.4.0d.a(qm_dma.o)
 .text.dma_set_handshake_polarity
                0x00000000       0x82 ./bsp/build/debug/quark_se/x86/libqmsi/lib\libqmsi_quark_se_1.4.0d.a(qm_dma.o)
 .text.dma_set_source_address
                0x00000000       0x35 ./bsp/build/debug/quark_se/x86/libqmsi/lib\libqmsi_quark_se_1.4.0d.a(qm_dma.o)
 .text.dma_set_destination_address
                0x00000000       0x37 ./bsp/build/debug/quark_se/x86/libqmsi/lib\libqmsi_quark_se_1.4.0d.a(qm_dma.o)
 .text.dma_set_block_size
                0x00000000       0x57 ./bsp/build/debug/quark_se/x86/libqmsi/lib\libqmsi_quark_se_1.4.0d.a(qm_dma.o)
 .data.qm_dma   0x00000000        0x4 ./bsp/build/debug/quark_se/x86/libqmsi/lib\libqmsi_quark_se_1.4.0d.a(qm_dma.o)
 .bss.dma_channel_config
                0x00000000       0xa0 ./bsp/build/debug/quark_se/x86/libqmsi/lib\libqmsi_quark_se_1.4.0d.a(qm_dma.o)
 .text.qm_dma_isr_handler
                0x00000000      0x27a ./bsp/build/debug/quark_se/x86/libqmsi/lib\libqmsi_quark_se_1.4.0d.a(qm_dma.o)
 .text.qm_dma_isr_err_handler
                0x00000000      0x153 ./bsp/build/debug/quark_se/x86/libqmsi/lib\libqmsi_quark_se_1.4.0d.a(qm_dma.o)
 .text.qm_dma_0_error_isr
                0x00000000       0x3e ./bsp/build/debug/quark_se/x86/libqmsi/lib\libqmsi_quark_se_1.4.0d.a(qm_dma.o)
 .text.qm_dma_0_isr_0
                0x00000000       0x43 ./bsp/build/debug/quark_se/x86/libqmsi/lib\libqmsi_quark_se_1.4.0d.a(qm_dma.o)
 .text.qm_dma_0_isr_1
                0x00000000       0x43 ./bsp/build/debug/quark_se/x86/libqmsi/lib\libqmsi_quark_se_1.4.0d.a(qm_dma.o)
 .text.qm_dma_0_isr_2
                0x00000000       0x43 ./bsp/build/debug/quark_se/x86/libqmsi/lib\libqmsi_quark_se_1.4.0d.a(qm_dma.o)
 .text.qm_dma_0_isr_3
                0x00000000       0x43 ./bsp/build/debug/quark_se/x86/libqmsi/lib\libqmsi_quark_se_1.4.0d.a(qm_dma.o)
 .text.qm_dma_0_isr_4
                0x00000000       0x43 ./bsp/build/debug/quark_se/x86/libqmsi/lib\libqmsi_quark_se_1.4.0d.a(qm_dma.o)
 .text.qm_dma_0_isr_5
                0x00000000       0x43 ./bsp/build/debug/quark_se/x86/libqmsi/lib\libqmsi_quark_se_1.4.0d.a(qm_dma.o)
 .text.qm_dma_0_isr_6
                0x00000000       0x43 ./bsp/build/debug/quark_se/x86/libqmsi/lib\libqmsi_quark_se_1.4.0d.a(qm_dma.o)
 .text.qm_dma_0_isr_7
                0x00000000       0x43 ./bsp/build/debug/quark_se/x86/libqmsi/lib\libqmsi_quark_se_1.4.0d.a(qm_dma.o)
 .text.qm_dma_init
                0x00000000      0x101 ./bsp/build/debug/quark_se/x86/libqmsi/lib\libqmsi_quark_se_1.4.0d.a(qm_dma.o)
 .text.qm_dma_channel_set_config
                0x00000000      0x1e6 ./bsp/build/debug/quark_se/x86/libqmsi/lib\libqmsi_quark_se_1.4.0d.a(qm_dma.o)
 .text.qm_dma_transfer_set_config
                0x00000000       0xc1 ./bsp/build/debug/quark_se/x86/libqmsi/lib\libqmsi_quark_se_1.4.0d.a(qm_dma.o)
 .text.dma_linked_list_init
                0x00000000      0x160 ./bsp/build/debug/quark_se/x86/libqmsi/lib\libqmsi_quark_se_1.4.0d.a(qm_dma.o)
 .text.qm_dma_multi_transfer_set_config
                0x00000000      0x28c ./bsp/build/debug/quark_se/x86/libqmsi/lib\libqmsi_quark_se_1.4.0d.a(qm_dma.o)
 .text.qm_dma_transfer_start
                0x00000000      0x14d ./bsp/build/debug/quark_se/x86/libqmsi/lib\libqmsi_quark_se_1.4.0d.a(qm_dma.o)
 .text.qm_dma_transfer_terminate
                0x00000000      0x132 ./bsp/build/debug/quark_se/x86/libqmsi/lib\libqmsi_quark_se_1.4.0d.a(qm_dma.o)
 .text.qm_dma_transfer_mem_to_mem
                0x00000000       0x95 ./bsp/build/debug/quark_se/x86/libqmsi/lib\libqmsi_quark_se_1.4.0d.a(qm_dma.o)
 .text.qm_dma_save_context
                0x00000000       0xe3 ./bsp/build/debug/quark_se/x86/libqmsi/lib\libqmsi_quark_se_1.4.0d.a(qm_dma.o)
 .text.qm_dma_restore_context
                0x00000000       0xda ./bsp/build/debug/quark_se/x86/libqmsi/lib\libqmsi_quark_se_1.4.0d.a(qm_dma.o)
 .rodata.__func__.3361
                0x00000000       0x13 ./bsp/build/debug/quark_se/x86/libqmsi/lib\libqmsi_quark_se_1.4.0d.a(qm_dma.o)
 .rodata.__func__.3200
                0x00000000       0x14 ./bsp/build/debug/quark_se/x86/libqmsi/lib\libqmsi_quark_se_1.4.0d.a(qm_dma.o)
 .rodata.__func__.3369
                0x00000000       0x17 ./bsp/build/debug/quark_se/x86/libqmsi/lib\libqmsi_quark_se_1.4.0d.a(qm_dma.o)
 .rodata.__func__.3438
                0x00000000       0x15 ./bsp/build/debug/quark_se/x86/libqmsi/lib\libqmsi_quark_se_1.4.0d.a(qm_dma.o)
 .rodata.__func__.3455
                0x00000000       0x21 ./bsp/build/debug/quark_se/x86/libqmsi/lib\libqmsi_quark_se_1.4.0d.a(qm_dma.o)
 .debug_info    0x00000000     0x1d08 ./bsp/build/debug/quark_se/x86/libqmsi/lib\libqmsi_quark_se_1.4.0d.a(qm_dma.o)
 .debug_abbrev  0x00000000      0x2ff ./bsp/build/debug/quark_se/x86/libqmsi/lib\libqmsi_quark_se_1.4.0d.a(qm_dma.o)
 .debug_aranges
                0x00000000      0x170 ./bsp/build/debug/quark_se/x86/libqmsi/lib\libqmsi_quark_se_1.4.0d.a(qm_dma.o)
 .debug_ranges  0x00000000      0x160 ./bsp/build/debug/quark_se/x86/libqmsi/lib\libqmsi_quark_se_1.4.0d.a(qm_dma.o)
 .debug_line    0x00000000      0x8aa ./bsp/build/debug/quark_se/x86/libqmsi/lib\libqmsi_quark_se_1.4.0d.a(qm_dma.o)
 .debug_str     0x00000000     0x158d ./bsp/build/debug/quark_se/x86/libqmsi/lib\libqmsi_quark_se_1.4.0d.a(qm_dma.o)
 .comment       0x00000000       0x6f ./bsp/build/debug/quark_se/x86/libqmsi/lib\libqmsi_quark_se_1.4.0d.a(qm_dma.o)
 .debug_frame   0x00000000      0x5f8 ./bsp/build/debug/quark_se/x86/libqmsi/lib\libqmsi_quark_se_1.4.0d.a(qm_dma.o)

Memory Configuration

Name             Origin             Length             Attributes
flash0           0x40000000         0x00030000         r
flash1           0x40030000         0x00030000         r
x86_esram        0xa800a000         0x000099e0         rw
x86_stack        0xa80139e0         0x000003dc         rw
x86_esram_idt    0xa8013dbc         0x00000220         rw
esram_restore_info 0xa8013fdc         0x00000004         rw
esram_gdt        0xa8013fe0         0x00000020         rw
sensor_ivt       0xa8000000         0x00000110         rw
sensor_ivt_padding 0xa8000110         0x000002f0         rw
sensor_esram     0xa8000400         0x00009800         rw
sensor_stack     0xa8009c00         0x00000400         rw
sensor_flash     0x40000000         0x0002f000         r
bl_data          0x4002f000         0x00001000         r
x86_flash        0x40030000         0x00030000         r
*default*        0x00000000         0xffffffff

Linker script and memory map

                0xa8013dbc                __idt_start = ORIGIN (x86_esram_idt)
                0xa8013fdc                __idt_end = (__idt_start + LENGTH (x86_esram_idt))
                0xa8013fdc                __x86_restore_info = ORIGIN (esram_restore_info)
                0xa8013fe0                __x86_restore_info_end = (__x86_restore_info + LENGTH (esram_restore_info))
                0xa8013fe0                __gdt_start = ORIGIN (esram_gdt)
                0xa8014000                __gdt_end = (__gdt_start + LENGTH (esram_gdt))
                0x40000000                __sensor_flash_start = ORIGIN (sensor_flash)
                0x40030000                __x86_flash_start = ORIGIN (x86_flash)
                0x4002f000                __bl_data_start = ORIGIN (bl_data)
                0xa8000000                __sensor_reset_vector = ORIGIN (sensor_ivt)
                0xa8013dbc                __stack_start = (ORIGIN (x86_stack) + LENGTH (x86_stack))

.text           0x40030000     0x194f
 *(.text.entry)
 .text.entry    0x40030000       0x41 ./debug/quark_se/x86/obj/./app_entry.o
                0x40030000                _start
 *(.text)
 *(.text.last)
 *(.text.*)
 .text.LcdCharacter
                0x40030041       0x71 ./debug/quark_se/x86/obj/./lcd_handler.o
                0x40030041                LcdCharacter
 .text.LCD_Clear
                0x400300b2       0x75 ./debug/quark_se/x86/obj/./lcd_handler.o
                0x400300b2                LCD_Clear
 .text.lcd_private_write
                0x40030127       0x69 ./debug/quark_se/x86/obj/./lcd_handler.o
                0x40030127                lcd_private_write
 .text.LCD_String
                0x40030190       0x41 ./debug/quark_se/x86/obj/./lcd_handler.o
                0x40030190                LCD_String
 .text.LCD_XY_Set
                0x400301d1       0x43 ./debug/quark_se/x86/obj/./lcd_handler.o
                0x400301d1                LCD_XY_Set
 .text.LCD_XY_Range_Clear
                0x40030214      0x127 ./debug/quark_se/x86/obj/./lcd_handler.o
                0x40030214                LCD_XY_Range_Clear
 .text.LCD_XY_Print
                0x4003033b       0x59 ./debug/quark_se/x86/obj/./lcd_handler.o
                0x4003033b                LCD_XY_Print
 .text.LCD_XY_Print_DecNumb
                0x40030394      0x137 ./debug/quark_se/x86/obj/./lcd_handler.o
                0x40030394                LCD_XY_Print_DecNumb
 .text.LCD_Init
                0x400304cb      0x17c ./debug/quark_se/x86/obj/./lcd_handler.o
                0x400304cb                LCD_Init
 .text.main     0x40030647      0x286 ./debug/quark_se/x86/obj/./main.o
                0x40030647                main
 .text.PPD42NJ_Init
                0x400308cd       0x2e ./debug/quark_se/x86/obj/./ppd42nj.o
                0x400308cd                PPD42NJ_Init
 .text.PPD42NJ_Read
                0x400308fb      0x1fd ./debug/quark_se/x86/obj/./ppd42nj.o
                0x400308fb                PPD42NJ_Read
 .text.pulseIn  0x40030af8       0xf4 ./debug/quark_se/x86/obj/./ppd42nj.o
                0x40030af8                pulseIn
 .text.millis   0x40030bec       0x3c ./debug/quark_se/x86/obj/./ppd42nj.o
                0x40030bec                millis
 .text.pico_putchar
                0x40030c28       0x22 ./debug/quark_se/x86/obj/./newlib-syscalls.o
 .text.last_digit_to_char
                0x40030c4a       0x47 ./debug/quark_se/x86/obj/./newlib-syscalls.o
 .text.putuint  0x40030c91       0x85 ./debug/quark_se/x86/obj/./newlib-syscalls.o
 .text.pico_putchars
                0x40030d16       0x33 ./debug/quark_se/x86/obj/./newlib-syscalls.o
 .text.pico_printf
                0x40030d49      0x179 ./debug/quark_se/x86/obj/./newlib-syscalls.o
                0x40030d49                pico_printf
 .text.stdout_uart_setup
                0x40030ec2       0x6a ./debug/quark_se/x86/obj/./newlib-syscalls.o
                0x40030ec2                stdout_uart_setup
 .text.clk_periph_enable
                0x40030f2c       0x33 ./bsp/soc/quark_se/debug/quark_se/x86/obj/clk.o
                0x40030f2c                clk_periph_enable
 .text.clk_sys_udelay
                0x40030f5f       0x42 ./bsp/soc/quark_se/debug/quark_se/x86/obj/clk.o
                0x40030f5f                clk_sys_udelay
 .text.memcpy   0x40030fa1        0xb c:/intelswtools/issm_2016.2.094/tools/compiler/gcc-ia/5.2.1/bin/../lib/gcc/i586-intel-elfiamcu/5.2.1/../../../../i586-intel-elfiamcu/lib\libc.a(lib_a-memcpy.o)
                0x40030fa1                memcpy
 .text.memset   0x40030fac        0xe c:/intelswtools/issm_2016.2.094/tools/compiler/gcc-ia/5.2.1/bin/../lib/gcc/i586-intel-elfiamcu/5.2.1/../../../../i586-intel-elfiamcu/lib\libc.a(lib_a-memset.o)
                0x40030fac                memset
 .text.__udivdi3
                0x40030fba       0xe5 c:/intelswtools/issm_2016.2.094/tools/compiler/gcc-ia/5.2.1/bin/../lib/gcc/i586-intel-elfiamcu/5.2.1\libgcc.a(_udivdi3.o)
                0x40030fba                __udivdi3
 .text.qm_gpio_set_config
                0x4003109f       0xd4 ./bsp/build/debug/quark_se/x86/libqmsi/lib\libqmsi_quark_se_1.4.0d.a(qm_gpio.o)
                0x4003109f                qm_gpio_set_config
 .text.qm_gpio_read_pin
                0x40031173       0x60 ./bsp/build/debug/quark_se/x86/libqmsi/lib\libqmsi_quark_se_1.4.0d.a(qm_gpio.o)
                0x40031173                qm_gpio_read_pin
 .text.qm_gpio_set_pin
                0x400311d3       0x5f ./bsp/build/debug/quark_se/x86/libqmsi/lib\libqmsi_quark_se_1.4.0d.a(qm_gpio.o)
                0x400311d3                qm_gpio_set_pin
 .text.qm_gpio_clear_pin
                0x40031232       0x61 ./bsp/build/debug/quark_se/x86/libqmsi/lib\libqmsi_quark_se_1.4.0d.a(qm_gpio.o)
                0x40031232                qm_gpio_clear_pin
 .text.pin_to_register
                0x40031293       0x27 ./bsp/build/debug/quark_se/x86/libqmsi/lib\libqmsi_quark_se_1.4.0d.a(qm_pinmux.o)
 .text.pin_to_offset
                0x400312ba       0x2d ./bsp/build/debug/quark_se/x86/libqmsi/lib\libqmsi_quark_se_1.4.0d.a(qm_pinmux.o)
 .text.qm_pmux_select
                0x400312e7       0xb6 ./bsp/build/debug/quark_se/x86/libqmsi/lib\libqmsi_quark_se_1.4.0d.a(qm_pinmux.o)
                0x400312e7                qm_pmux_select
 .text.read_frame
                0x4003139d       0x5d ./bsp/build/debug/quark_se/x86/libqmsi/lib\libqmsi_quark_se_1.4.0d.a(qm_spi.o)
 .text.write_frame
                0x400313fa       0x61 ./bsp/build/debug/quark_se/x86/libqmsi/lib\libqmsi_quark_se_1.4.0d.a(qm_spi.o)
 .text.wait_for_controller
                0x4003145b       0x28 ./bsp/build/debug/quark_se/x86/libqmsi/lib\libqmsi_quark_se_1.4.0d.a(qm_spi.o)
 .text.qm_spi_set_config
                0x40031483       0xe5 ./bsp/build/debug/quark_se/x86/libqmsi/lib\libqmsi_quark_se_1.4.0d.a(qm_spi.o)
                0x40031483                qm_spi_set_config
 .text.qm_spi_slave_select
                0x40031568       0x51 ./bsp/build/debug/quark_se/x86/libqmsi/lib\libqmsi_quark_se_1.4.0d.a(qm_spi.o)
                0x40031568                qm_spi_slave_select
 .text.qm_spi_transfer
                0x400315b9      0x25e ./bsp/build/debug/quark_se/x86/libqmsi/lib\libqmsi_quark_se_1.4.0d.a(qm_spi.o)
                0x400315b9                qm_spi_transfer
 .text.qm_uart_set_config
                0x40031817       0xe4 ./bsp/build/debug/quark_se/x86/libqmsi/lib\libqmsi_quark_se_1.4.0d.a(qm_uart.o)
                0x40031817                qm_uart_set_config
 .text.qm_uart_write
                0x400318fb       0x54 ./bsp/build/debug/quark_se/x86/libqmsi/lib\libqmsi_quark_se_1.4.0d.a(qm_uart.o)
                0x400318fb                qm_uart_write

.iplt           0x40031950        0x0
 .iplt          0x40031950        0x0 ./debug/quark_se/x86/obj/./lcd_handler.o

.rodata         0x40031960      0x2a8
 *(.rdata*)
 *(.rodata*)
 .rodata.ASCII  0x40031960      0x249 ./debug/quark_se/x86/obj/./lcd_handler.o
                0x40031960                ASCII
 .rodata        0x40031ba9       0x21 ./debug/quark_se/x86/obj/./main.o
 .rodata        0x40031bca       0x3a ./debug/quark_se/x86/obj/./ppd42nj.o
 .rodata.tx_dummy_frame
                0x40031c04        0x4 ./bsp/build/debug/quark_se/x86/libqmsi/lib\libqmsi_quark_se_1.4.0d.a(qm_spi.o)

.rel.dyn        0x40031c08        0x0
 .rel.iplt      0x40031c08        0x0 ./debug/quark_se/x86/obj/./lcd_handler.o
 .rel.text.lcd_private_write
                0x40031c08        0x0 ./debug/quark_se/x86/obj/./lcd_handler.o
 .rel.text.LCD_XY_Range_Clear
                0x40031c08        0x0 ./debug/quark_se/x86/obj/./lcd_handler.o
 .rel.text.LCD_Init
                0x40031c08        0x0 ./debug/quark_se/x86/obj/./lcd_handler.o
 .rel.text.main
                0x40031c08        0x0 ./debug/quark_se/x86/obj/./lcd_handler.o
 .rel.text.PPD42NJ_Init
                0x40031c08        0x0 ./debug/quark_se/x86/obj/./lcd_handler.o
 .rel.text.PPD42NJ_Read
                0x40031c08        0x0 ./debug/quark_se/x86/obj/./lcd_handler.o
 .rel.text.pulseIn
                0x40031c08        0x0 ./debug/quark_se/x86/obj/./lcd_handler.o
 .rel.text.millis
                0x40031c08        0x0 ./debug/quark_se/x86/obj/./lcd_handler.o
 .rel.text.entry
                0x40031c08        0x0 ./debug/quark_se/x86/obj/./lcd_handler.o
 .rel.text.pico_putchar
                0x40031c08        0x0 ./debug/quark_se/x86/obj/./lcd_handler.o
 .rel.text.stdout_uart_setup
                0x40031c08        0x0 ./debug/quark_se/x86/obj/./lcd_handler.o
 .rel.text.puts
                0x40031c08        0x0 ./debug/quark_se/x86/obj/./lcd_handler.o
 .rel.text.__assert_func
                0x40031c08        0x0 ./debug/quark_se/x86/obj/./lcd_handler.o
 .rel.text.close
                0x40031c08        0x0 ./debug/quark_se/x86/obj/./lcd_handler.o
 .rel.text.isatty
                0x40031c08        0x0 ./debug/quark_se/x86/obj/./lcd_handler.o
 .rel.text.read
                0x40031c08        0x0 ./debug/quark_se/x86/obj/./lcd_handler.o
 .rel.text.write
                0x40031c08        0x0 ./debug/quark_se/x86/obj/./lcd_handler.o
 .rel.text.lseek
                0x40031c08        0x0 ./debug/quark_se/x86/obj/./lcd_handler.o
 .rel.text.fstat
                0x40031c08        0x0 ./debug/quark_se/x86/obj/./lcd_handler.o
 .rel.text.sbrk
                0x40031c08        0x0 ./debug/quark_se/x86/obj/./lcd_handler.o
 .rel.data.prog_break.3636
                0x40031c08        0x0 ./debug/quark_se/x86/obj/./lcd_handler.o
 .rel.text.apply_flash_timings
                0x40031c08        0x0 ./debug/quark_se/x86/obj/./lcd_handler.o
 .rel.text.qm_power_soc_deep_sleep
                0x40031c08        0x0 ./debug/quark_se/x86/obj/./lcd_handler.o
 .rel.text.qm_power_soc_sleep_restore
                0x40031c08        0x0 ./debug/quark_se/x86/obj/./lcd_handler.o
 .rel.text.qm_power_soc_deep_sleep_restore
                0x40031c08        0x0 ./debug/quark_se/x86/obj/./lcd_handler.o
 .rel.text.qm_power_sleep_wait
                0x40031c08        0x0 ./debug/quark_se/x86/obj/./lcd_handler.o
 .rel.text.sensor_vectors_protect
                0x40031c08        0x0 ./debug/quark_se/x86/obj/./lcd_handler.o
 .rel.text.sensor_activation
                0x40031c08        0x0 ./debug/quark_se/x86/obj/./lcd_handler.o
 .rel.text.transmit_data
                0x40031c08        0x0 ./debug/quark_se/x86/obj/./lcd_handler.o
 .rel.text.handle_setup_packet
                0x40031c08        0x0 ./debug/quark_se/x86/obj/./lcd_handler.o
 .rel.text.handle_out_control_transfer
                0x40031c08        0x0 ./debug/quark_se/x86/obj/./lcd_handler.o
 .rel.text.set_config
                0x40031c08        0x0 ./debug/quark_se/x86/obj/./lcd_handler.o
 .rel.text.handle_std_device_req
                0x40031c08        0x0 ./debug/quark_se/x86/obj/./lcd_handler.o
 .rel.text.handle_std_endpoint_req
                0x40031c08        0x0 ./debug/quark_se/x86/obj/./lcd_handler.o
 .rel.text.usb_enable
                0x40031c08        0x0 ./debug/quark_se/x86/obj/./lcd_handler.o
 .rel.text.usb_disable
                0x40031c08        0x0 ./debug/quark_se/x86/obj/./lcd_handler.o
 .rel.text.__errno
                0x40031c08        0x0 ./debug/quark_se/x86/obj/./lcd_handler.o
 .rel.text.idt_set_intr_gate_desc
                0x40031c08        0x0 ./debug/quark_se/x86/obj/./lcd_handler.o
 .rel.text.qm_spi_dma_channel_config
                0x40031c08        0x0 ./debug/quark_se/x86/obj/./lcd_handler.o
 .rel.text.qm_spi_dma_transfer
                0x40031c08        0x0 ./debug/quark_se/x86/obj/./lcd_handler.o
 .rel.text.qm_spi_dma_transfer_terminate
                0x40031c08        0x0 ./debug/quark_se/x86/obj/./lcd_handler.o
 .rel.text.qm_uart_dma_channel_config
                0x40031c08        0x0 ./debug/quark_se/x86/obj/./lcd_handler.o
 .rel.text.qm_uart_dma_write
                0x40031c08        0x0 ./debug/quark_se/x86/obj/./lcd_handler.o
 .rel.text.qm_uart_dma_read
                0x40031c08        0x0 ./debug/quark_se/x86/obj/./lcd_handler.o
 .rel.text.qm_uart_dma_write_terminate
                0x40031c08        0x0 ./debug/quark_se/x86/obj/./lcd_handler.o
 .rel.text.qm_uart_dma_read_terminate
                0x40031c08        0x0 ./debug/quark_se/x86/obj/./lcd_handler.o

.data           0xa800a000       0x28 load address 0x40031c08
 *(.data*)
 .data.sampletime_ms
                0xa800a000        0x4 ./debug/quark_se/x86/obj/./ppd42nj.o
                0xa800a000                sampletime_ms
 .data.ticks_per_us
                0xa800a004        0x4 ./debug/quark_se/x86/obj/./ppd42nj.o
                0xa800a004                ticks_per_us
 .data.ticks_per_us
                0xa800a008        0x4 ./bsp/soc/quark_se/debug/quark_se/x86/obj/clk.o
 .data.qm_gpio  0xa800a00c        0x8 ./bsp/build/debug/quark_se/x86/libqmsi/lib\libqmsi_quark_se_1.4.0d.a(qm_gpio.o)
                0xa800a00c                qm_gpio
 .data.qm_spi_controllers
                0xa800a014        0xc ./bsp/build/debug/quark_se/x86/libqmsi/lib\libqmsi_quark_se_1.4.0d.a(qm_spi.o)
                0xa800a014                qm_spi_controllers
 .data.qm_uart  0xa800a020        0x8 ./bsp/build/debug/quark_se/x86/libqmsi/lib\libqmsi_quark_se_1.4.0d.a(qm_uart.o)
                0xa800a020                qm_uart

.igot.plt       0xa800a028        0x0 load address 0x40031c30
 .igot.plt      0xa800a028        0x0 ./debug/quark_se/x86/obj/./lcd_handler.o

.bss            0xa800a040      0x128
 *(.bss*)
 .bss.pm25      0xa800a040        0x1 ./debug/quark_se/x86/obj/./main.o
                0xa800a040                pm25
 *fill*         0xa800a041        0x3 
 .bss.lowpulseoccupancy
                0xa800a044        0x4 ./debug/quark_se/x86/obj/./ppd42nj.o
                0xa800a044                lowpulseoccupancy
 .bss.ratio     0xa800a048        0x4 ./debug/quark_se/x86/obj/./ppd42nj.o
                0xa800a048                ratio
 .bss.concentration
                0xa800a04c        0x4 ./debug/quark_se/x86/obj/./ppd42nj.o
                0xa800a04c                concentration
 .bss.tsec      0xa800a050        0x4 ./debug/quark_se/x86/obj/./ppd42nj.o
                0xa800a050                tsec
 .bss.stdout_uart_cfg
                0xa800a054        0xc ./debug/quark_se/x86/obj/./newlib-syscalls.o
 .bss.format_buf.3539
                0xa800a060       0x20 ./debug/quark_se/x86/obj/./newlib-syscalls.o
 .bss.callback  0xa800a080        0x8 ./bsp/build/debug/quark_se/x86/libqmsi/lib\libqmsi_quark_se_1.4.0d.a(qm_gpio.o)
 .bss.callback_data
                0xa800a088        0x8 ./bsp/build/debug/quark_se/x86/libqmsi/lib\libqmsi_quark_se_1.4.0d.a(qm_gpio.o)
 .bss.dfs       0xa800a090        0x3 ./bsp/build/debug/quark_se/x86/libqmsi/lib\libqmsi_quark_se_1.4.0d.a(qm_spi.o)
 *fill*         0xa800a093        0x1 
 .bss.tmode     0xa800a094        0xc ./bsp/build/debug/quark_se/x86/libqmsi/lib\libqmsi_quark_se_1.4.0d.a(qm_spi.o)
 .bss.frf       0xa800a0a0        0xc ./bsp/build/debug/quark_se/x86/libqmsi/lib\libqmsi_quark_se_1.4.0d.a(qm_spi.o)
 *(COMMON)
 *fill*         0xa800a0ac       0x14 
 COMMON         0xa800a0c0       0x44 ./debug/quark_se/x86/obj/./lcd_handler.o
                0xa800a0c0                polled_xfer_desc
                0xa800a0cc                cfg
                0xa800a0e0                LCD_gpioA_cfg
                0xa800a100                status
 *fill*         0xa800a104       0x1c 
 COMMON         0xa800a120       0x48 ./debug/quark_se/x86/obj/./ppd42nj.o
                0xa800a120                starttime
                0xa800a124                starttime1
                0xa800a128                duration
                0xa800a140                gpio_cfg
                0xa800a160                gpio_state
                0xa800a164                delaytime
                0x40031c08                __data_lma = LOADADDR (.data)
                0xa800a000                __data_vma = ADDR (.data)
                0x00000028                __data_size = SIZEOF (.data)
                0xa800a040                __bss_start = ADDR (.bss)
                0x00000128                __bss_size = SIZEOF (.bss)
                0xa800a168                __heap = .
                0xa80139e0                __heap_end = ORIGIN (x86_stack)

.comment        0x00000000       0x6e
 *(.comment)
 .comment       0x00000000       0x6e ./debug/quark_se/x86/obj/./lcd_handler.o
                                 0x6f (size before relaxing)
 .comment       0x0000006e       0x6f ./debug/quark_se/x86/obj/./main.o
 .comment       0x0000006e       0x6f ./debug/quark_se/x86/obj/./ppd42nj.o
 .comment       0x0000006e       0x6f ./debug/quark_se/x86/obj/./app_entry.o
 .comment       0x0000006e       0x6f ./debug/quark_se/x86/obj/./newlib-syscalls.o
 .comment       0x0000006e       0x6f ./bsp/soc/quark_se/debug/quark_se/x86/obj/clk.o
 .comment       0x0000006e       0x6f c:/intelswtools/issm_2016.2.094/tools/compiler/gcc-ia/5.2.1/bin/../lib/gcc/i586-intel-elfiamcu/5.2.1\libgcc.a(_udivdi3.o)
 .comment       0x0000006e       0x6f ./bsp/build/debug/quark_se/x86/libqmsi/lib\libqmsi_quark_se_1.4.0d.a(qm_gpio.o)
 .comment       0x0000006e       0x6f ./bsp/build/debug/quark_se/x86/libqmsi/lib\libqmsi_quark_se_1.4.0d.a(qm_pinmux.o)
 .comment       0x0000006e       0x6f ./bsp/build/debug/quark_se/x86/libqmsi/lib\libqmsi_quark_se_1.4.0d.a(qm_spi.o)
 .comment       0x0000006e       0x6f ./bsp/build/debug/quark_se/x86/libqmsi/lib\libqmsi_quark_se_1.4.0d.a(qm_uart.o)
LOAD ./debug/quark_se/x86/obj/./lcd_handler.o
LOAD ./debug/quark_se/x86/obj/./main.o
LOAD ./debug/quark_se/x86/obj/./ppd42nj.o
LOAD ./debug/quark_se/x86/obj/./app_entry.o
LOAD ./debug/quark_se/x86/obj/./newlib-syscalls.o
LOAD ./bsp/soc/quark_se/debug/quark_se/x86/obj/clk.o
LOAD ./bsp/soc/quark_se/debug/quark_se/x86/obj/power_states.o
LOAD ./bsp/soc/quark_se/debug/quark_se/x86/obj/qm_interrupt_router.o
LOAD ./bsp/soc/quark_se/debug/quark_se/x86/obj/ss_init.o
LOAD ./bsp/soc/quark_se/debug/quark_se/x86/obj/vreg.o
LOAD ./debug/quark_se/x86/obj/usb_device.o
START GROUP
LOAD c:/intelswtools/issm_2016.2.094/tools/compiler/gcc-ia/5.2.1/bin/../lib/gcc/i586-intel-elfiamcu/5.2.1/../../../../i586-intel-elfiamcu/lib\libc.a
LOAD c:/intelswtools/issm_2016.2.094/tools/compiler/gcc-ia/5.2.1/bin/../lib/gcc/i586-intel-elfiamcu/5.2.1/../../../../i586-intel-elfiamcu/lib\libnosys.a
LOAD c:/intelswtools/issm_2016.2.094/tools/compiler/gcc-ia/5.2.1/bin/../lib/gcc/i586-intel-elfiamcu/5.2.1/../../../../i586-intel-elfiamcu/lib\libsoftfp.a
LOAD c:/intelswtools/issm_2016.2.094/tools/compiler/gcc-ia/5.2.1/bin/../lib/gcc/i586-intel-elfiamcu/5.2.1\libgcc.a
LOAD ./bsp/build/debug/quark_se/x86/libqmsi/lib\libqmsi_quark_se_1.4.0d.a
END GROUP
OUTPUT(./debug/quark_se/x86/obj/Particle_LCD.elf elf32-iamcu)

.debug_info     0x00000000     0x7247
 .debug_info    0x00000000      0xd9c ./debug/quark_se/x86/obj/./lcd_handler.o
 .debug_info    0x00000d9c      0x4b0 ./debug/quark_se/x86/obj/./main.o
 .debug_info    0x0000124c      0x515 ./debug/quark_se/x86/obj/./ppd42nj.o
 .debug_info    0x00001761      0x131 ./debug/quark_se/x86/obj/./app_entry.o
 .debug_info    0x00001892      0xda0 ./debug/quark_se/x86/obj/./newlib-syscalls.o
 .debug_info    0x00002632      0xaf3 ./bsp/soc/quark_se/debug/quark_se/x86/obj/clk.o
 .debug_info    0x00003125      0x2e7 c:/intelswtools/issm_2016.2.094/tools/compiler/gcc-ia/5.2.1/bin/../lib/gcc/i586-intel-elfiamcu/5.2.1\libgcc.a(_udivdi3.o)
 .debug_info    0x0000340c      0xb4f ./bsp/build/debug/quark_se/x86/libqmsi/lib\libqmsi_quark_se_1.4.0d.a(qm_gpio.o)
 .debug_info    0x00003f5b      0x55e ./bsp/build/debug/quark_se/x86/libqmsi/lib\libqmsi_quark_se_1.4.0d.a(qm_pinmux.o)
 .debug_info    0x000044b9     0x1830 ./bsp/build/debug/quark_se/x86/libqmsi/lib\libqmsi_quark_se_1.4.0d.a(qm_spi.o)
 .debug_info    0x00005ce9     0x155e ./bsp/build/debug/quark_se/x86/libqmsi/lib\libqmsi_quark_se_1.4.0d.a(qm_uart.o)

.debug_abbrev   0x00000000     0x12a7
 .debug_abbrev  0x00000000      0x1c1 ./debug/quark_se/x86/obj/./lcd_handler.o
 .debug_abbrev  0x000001c1      0x102 ./debug/quark_se/x86/obj/./main.o
 .debug_abbrev  0x000002c3      0x164 ./debug/quark_se/x86/obj/./ppd42nj.o
 .debug_abbrev  0x00000427       0x73 ./debug/quark_se/x86/obj/./app_entry.o
 .debug_abbrev  0x0000049a      0x23d ./debug/quark_se/x86/obj/./newlib-syscalls.o
 .debug_abbrev  0x000006d7      0x27b ./bsp/soc/quark_se/debug/quark_se/x86/obj/clk.o
 .debug_abbrev  0x00000952      0x13d c:/intelswtools/issm_2016.2.094/tools/compiler/gcc-ia/5.2.1/bin/../lib/gcc/i586-intel-elfiamcu/5.2.1\libgcc.a(_udivdi3.o)
 .debug_abbrev  0x00000a8f      0x1d0 ./bsp/build/debug/quark_se/x86/libqmsi/lib\libqmsi_quark_se_1.4.0d.a(qm_gpio.o)
 .debug_abbrev  0x00000c5f      0x124 ./bsp/build/debug/quark_se/x86/libqmsi/lib\libqmsi_quark_se_1.4.0d.a(qm_pinmux.o)
 .debug_abbrev  0x00000d83      0x27b ./bsp/build/debug/quark_se/x86/libqmsi/lib\libqmsi_quark_se_1.4.0d.a(qm_spi.o)
 .debug_abbrev  0x00000ffe      0x2a9 ./bsp/build/debug/quark_se/x86/libqmsi/lib\libqmsi_quark_se_1.4.0d.a(qm_uart.o)

.debug_aranges  0x00000000      0x4c8
 .debug_aranges
                0x00000000       0x68 ./debug/quark_se/x86/obj/./lcd_handler.o
 .debug_aranges
                0x00000068       0x28 ./debug/quark_se/x86/obj/./main.o
 .debug_aranges
                0x00000090       0x38 ./debug/quark_se/x86/obj/./ppd42nj.o
 .debug_aranges
                0x000000c8       0x20 ./debug/quark_se/x86/obj/./app_entry.o
 .debug_aranges
                0x000000e8       0x90 ./debug/quark_se/x86/obj/./newlib-syscalls.o
 .debug_aranges
                0x00000178       0xa8 ./bsp/soc/quark_se/debug/quark_se/x86/obj/clk.o
 .debug_aranges
                0x00000220       0x20 c:/intelswtools/issm_2016.2.094/tools/compiler/gcc-ia/5.2.1/bin/../lib/gcc/i586-intel-elfiamcu/5.2.1\libgcc.a(_udivdi3.o)
 .debug_aranges
                0x00000240       0x78 ./bsp/build/debug/quark_se/x86/libqmsi/lib\libqmsi_quark_se_1.4.0d.a(qm_gpio.o)
 .debug_aranges
                0x000002b8       0x48 ./bsp/build/debug/quark_se/x86/libqmsi/lib\libqmsi_quark_se_1.4.0d.a(qm_pinmux.o)
 .debug_aranges
                0x00000300       0xe8 ./bsp/build/debug/quark_se/x86/libqmsi/lib\libqmsi_quark_se_1.4.0d.a(qm_spi.o)
 .debug_aranges
                0x000003e8       0xe0 ./bsp/build/debug/quark_se/x86/libqmsi/lib\libqmsi_quark_se_1.4.0d.a(qm_uart.o)

.debug_ranges   0x00000000      0x468
 .debug_ranges  0x00000000       0x58 ./debug/quark_se/x86/obj/./lcd_handler.o
 .debug_ranges  0x00000058       0x18 ./debug/quark_se/x86/obj/./main.o
 .debug_ranges  0x00000070       0x28 ./debug/quark_se/x86/obj/./ppd42nj.o
 .debug_ranges  0x00000098       0x10 ./debug/quark_se/x86/obj/./app_entry.o
 .debug_ranges  0x000000a8       0x80 ./debug/quark_se/x86/obj/./newlib-syscalls.o
 .debug_ranges  0x00000128       0x98 ./bsp/soc/quark_se/debug/quark_se/x86/obj/clk.o
 .debug_ranges  0x000001c0       0x48 c:/intelswtools/issm_2016.2.094/tools/compiler/gcc-ia/5.2.1/bin/../lib/gcc/i586-intel-elfiamcu/5.2.1\libgcc.a(_udivdi3.o)
 .debug_ranges  0x00000208       0x68 ./bsp/build/debug/quark_se/x86/libqmsi/lib\libqmsi_quark_se_1.4.0d.a(qm_gpio.o)
 .debug_ranges  0x00000270       0x38 ./bsp/build/debug/quark_se/x86/libqmsi/lib\libqmsi_quark_se_1.4.0d.a(qm_pinmux.o)
 .debug_ranges  0x000002a8       0xd8 ./bsp/build/debug/quark_se/x86/libqmsi/lib\libqmsi_quark_se_1.4.0d.a(qm_spi.o)
 .debug_ranges  0x00000380       0xe8 ./bsp/build/debug/quark_se/x86/libqmsi/lib\libqmsi_quark_se_1.4.0d.a(qm_uart.o)

.debug_line     0x00000000     0x2728
 .debug_line    0x00000000      0x34d ./debug/quark_se/x86/obj/./lcd_handler.o
 .debug_line    0x0000034d      0x21a ./debug/quark_se/x86/obj/./main.o
 .debug_line    0x00000567      0x26d ./debug/quark_se/x86/obj/./ppd42nj.o
 .debug_line    0x000007d4      0x1a6 ./debug/quark_se/x86/obj/./app_entry.o
 .debug_line    0x0000097a      0x474 ./debug/quark_se/x86/obj/./newlib-syscalls.o
 .debug_line    0x00000dee      0x470 ./bsp/soc/quark_se/debug/quark_se/x86/obj/clk.o
 .debug_line    0x0000125e       0xc3 c:/intelswtools/issm_2016.2.094/tools/compiler/gcc-ia/5.2.1/bin/../lib/gcc/i586-intel-elfiamcu/5.2.1\libgcc.a(_udivdi3.o)
 .debug_line    0x00001321      0x305 ./bsp/build/debug/quark_se/x86/libqmsi/lib\libqmsi_quark_se_1.4.0d.a(qm_gpio.o)
 .debug_line    0x00001626      0x218 ./bsp/build/debug/quark_se/x86/libqmsi/lib\libqmsi_quark_se_1.4.0d.a(qm_pinmux.o)
 .debug_line    0x0000183e      0x8c1 ./bsp/build/debug/quark_se/x86/libqmsi/lib\libqmsi_quark_se_1.4.0d.a(qm_spi.o)
 .debug_line    0x000020ff      0x629 ./bsp/build/debug/quark_se/x86/libqmsi/lib\libqmsi_quark_se_1.4.0d.a(qm_uart.o)

.debug_str      0x00000000     0x30b5
 .debug_str     0x00000000     0x104a ./debug/quark_se/x86/obj/./lcd_handler.o
                               0x10d6 (size before relaxing)
 .debug_str     0x0000104a       0x9c ./debug/quark_se/x86/obj/./main.o
                                0x4e2 (size before relaxing)
 .debug_str     0x000010e6       0xf6 ./debug/quark_se/x86/obj/./ppd42nj.o
                                0x5a6 (size before relaxing)
 .debug_str     0x000011dc       0x4d ./debug/quark_se/x86/obj/./app_entry.o
                                0x1d4 (size before relaxing)
 .debug_str     0x00001229      0x4e1 ./debug/quark_se/x86/obj/./newlib-syscalls.o
                                0xec0 (size before relaxing)
 .debug_str     0x0000170a      0x6fe ./bsp/soc/quark_se/debug/quark_se/x86/obj/clk.o
                                0xcf5 (size before relaxing)
 .debug_str     0x00001e08      0x1e6 c:/intelswtools/issm_2016.2.094/tools/compiler/gcc-ia/5.2.1/bin/../lib/gcc/i586-intel-elfiamcu/5.2.1\libgcc.a(_udivdi3.o)
                                0x288 (size before relaxing)
 .debug_str     0x00001fee      0x1d6 ./bsp/build/debug/quark_se/x86/libqmsi/lib\libqmsi_quark_se_1.4.0d.a(qm_gpio.o)
                                0x7be (size before relaxing)
 .debug_str     0x000021c4      0x14f ./bsp/build/debug/quark_se/x86/libqmsi/lib\libqmsi_quark_se_1.4.0d.a(qm_pinmux.o)
                                0x6ad (size before relaxing)
 .debug_str     0x00002313      0x9d0 ./bsp/build/debug/quark_se/x86/libqmsi/lib\libqmsi_quark_se_1.4.0d.a(qm_spi.o)
                               0x14ab (size before relaxing)
 .debug_str     0x00002ce3      0x3d2 ./bsp/build/debug/quark_se/x86/libqmsi/lib\libqmsi_quark_se_1.4.0d.a(qm_uart.o)
                               0x1102 (size before relaxing)

.debug_frame    0x00000000     0x106c
 .debug_frame   0x00000000      0x16c ./debug/quark_se/x86/obj/./lcd_handler.o
 .debug_frame   0x0000016c       0x50 ./debug/quark_se/x86/obj/./main.o
 .debug_frame   0x000001bc       0xa0 ./debug/quark_se/x86/obj/./ppd42nj.o
 .debug_frame   0x0000025c       0x2c ./debug/quark_se/x86/obj/./app_entry.o
 .debug_frame   0x00000288      0x1f0 ./debug/quark_se/x86/obj/./newlib-syscalls.o
 .debug_frame   0x00000478      0x25c ./bsp/soc/quark_se/debug/quark_se/x86/obj/clk.o
 .debug_frame   0x000006d4      0x1c0 ./bsp/build/debug/quark_se/x86/libqmsi/lib\libqmsi_quark_se_1.4.0d.a(qm_gpio.o)
 .debug_frame   0x00000894       0xdc ./bsp/build/debug/quark_se/x86/libqmsi/lib\libqmsi_quark_se_1.4.0d.a(qm_pinmux.o)
 .debug_frame   0x00000970      0x39c ./bsp/build/debug/quark_se/x86/libqmsi/lib\libqmsi_quark_se_1.4.0d.a(qm_spi.o)
 .debug_frame   0x00000d0c      0x360 ./bsp/build/debug/quark_se/x86/libqmsi/lib\libqmsi_quark_se_1.4.0d.a(qm_uart.o)

.debug_loc      0x00000000      0x3c5
 .debug_loc     0x00000000      0x3c5 c:/intelswtools/issm_2016.2.094/tools/compiler/gcc-ia/5.2.1/bin/../lib/gcc/i586-intel-elfiamcu/5.2.1\libgcc.a(_udivdi3.o)
